Archive member included to satisfy reference by file (symbol)

/app/stm32cubeide/plugins/com.st.stm32cube.ide.mcu.externaltools.gnu-tools-for-stm32.12.3.rel1.linux64_1.0.200.202406132123/tools/bin/../lib/gcc/arm-none-eabi/12.3.1/../../../../arm-none-eabi/lib/thumb/v7e-m+fp/hard/libc_nano.a(libc_a-exit.o)
                              /app/stm32cubeide/plugins/com.st.stm32cube.ide.mcu.externaltools.gnu-tools-for-stm32.12.3.rel1.linux64_1.0.200.202406132123/tools/bin/../lib/gcc/arm-none-eabi/12.3.1/../../../../arm-none-eabi/lib/thumb/v7e-m+fp/hard/crt0.o (exit)
/app/stm32cubeide/plugins/com.st.stm32cube.ide.mcu.externaltools.gnu-tools-for-stm32.12.3.rel1.linux64_1.0.200.202406132123/tools/bin/../lib/gcc/arm-none-eabi/12.3.1/../../../../arm-none-eabi/lib/thumb/v7e-m+fp/hard/libc_nano.a(libc_a-fflush.o)
                              ./Core/Src/main.o (fflush)
/app/stm32cubeide/plugins/com.st.stm32cube.ide.mcu.externaltools.gnu-tools-for-stm32.12.3.rel1.linux64_1.0.200.202406132123/tools/bin/../lib/gcc/arm-none-eabi/12.3.1/../../../../arm-none-eabi/lib/thumb/v7e-m+fp/hard/libc_nano.a(libc_a-findfp.o)
                              /app/stm32cubeide/plugins/com.st.stm32cube.ide.mcu.externaltools.gnu-tools-for-stm32.12.3.rel1.linux64_1.0.200.202406132123/tools/bin/../lib/gcc/arm-none-eabi/12.3.1/../../../../arm-none-eabi/lib/thumb/v7e-m+fp/hard/libc_nano.a(libc_a-fflush.o) (__sglue)
/app/stm32cubeide/plugins/com.st.stm32cube.ide.mcu.externaltools.gnu-tools-for-stm32.12.3.rel1.linux64_1.0.200.202406132123/tools/bin/../lib/gcc/arm-none-eabi/12.3.1/../../../../arm-none-eabi/lib/thumb/v7e-m+fp/hard/libc_nano.a(libc_a-fwalk.o)
                              /app/stm32cubeide/plugins/com.st.stm32cube.ide.mcu.externaltools.gnu-tools-for-stm32.12.3.rel1.linux64_1.0.200.202406132123/tools/bin/../lib/gcc/arm-none-eabi/12.3.1/../../../../arm-none-eabi/lib/thumb/v7e-m+fp/hard/libc_nano.a(libc_a-fflush.o) (_fwalk_sglue)
/app/stm32cubeide/plugins/com.st.stm32cube.ide.mcu.externaltools.gnu-tools-for-stm32.12.3.rel1.linux64_1.0.200.202406132123/tools/bin/../lib/gcc/arm-none-eabi/12.3.1/../../../../arm-none-eabi/lib/thumb/v7e-m+fp/hard/libc_nano.a(libc_a-puts.o)
                              ./Core/Src/main.o (puts)
/app/stm32cubeide/plugins/com.st.stm32cube.ide.mcu.externaltools.gnu-tools-for-stm32.12.3.rel1.linux64_1.0.200.202406132123/tools/bin/../lib/gcc/arm-none-eabi/12.3.1/../../../../arm-none-eabi/lib/thumb/v7e-m+fp/hard/libc_nano.a(libc_a-stdio.o)
                              /app/stm32cubeide/plugins/com.st.stm32cube.ide.mcu.externaltools.gnu-tools-for-stm32.12.3.rel1.linux64_1.0.200.202406132123/tools/bin/../lib/gcc/arm-none-eabi/12.3.1/../../../../arm-none-eabi/lib/thumb/v7e-m+fp/hard/libc_nano.a(libc_a-findfp.o) (__sread)
/app/stm32cubeide/plugins/com.st.stm32cube.ide.mcu.externaltools.gnu-tools-for-stm32.12.3.rel1.linux64_1.0.200.202406132123/tools/bin/../lib/gcc/arm-none-eabi/12.3.1/../../../../arm-none-eabi/lib/thumb/v7e-m+fp/hard/libc_nano.a(libc_a-wbuf.o)
                              /app/stm32cubeide/plugins/com.st.stm32cube.ide.mcu.externaltools.gnu-tools-for-stm32.12.3.rel1.linux64_1.0.200.202406132123/tools/bin/../lib/gcc/arm-none-eabi/12.3.1/../../../../arm-none-eabi/lib/thumb/v7e-m+fp/hard/libc_nano.a(libc_a-puts.o) (__swbuf_r)
/app/stm32cubeide/plugins/com.st.stm32cube.ide.mcu.externaltools.gnu-tools-for-stm32.12.3.rel1.linux64_1.0.200.202406132123/tools/bin/../lib/gcc/arm-none-eabi/12.3.1/../../../../arm-none-eabi/lib/thumb/v7e-m+fp/hard/libc_nano.a(libc_a-wsetup.o)
                              /app/stm32cubeide/plugins/com.st.stm32cube.ide.mcu.externaltools.gnu-tools-for-stm32.12.3.rel1.linux64_1.0.200.202406132123/tools/bin/../lib/gcc/arm-none-eabi/12.3.1/../../../../arm-none-eabi/lib/thumb/v7e-m+fp/hard/libc_nano.a(libc_a-puts.o) (__swsetup_r)
/app/stm32cubeide/plugins/com.st.stm32cube.ide.mcu.externaltools.gnu-tools-for-stm32.12.3.rel1.linux64_1.0.200.202406132123/tools/bin/../lib/gcc/arm-none-eabi/12.3.1/../../../../arm-none-eabi/lib/thumb/v7e-m+fp/hard/libc_nano.a(libc_a-memset.o)
                              /app/stm32cubeide/plugins/com.st.stm32cube.ide.mcu.externaltools.gnu-tools-for-stm32.12.3.rel1.linux64_1.0.200.202406132123/tools/bin/../lib/gcc/arm-none-eabi/12.3.1/../../../../arm-none-eabi/lib/thumb/v7e-m+fp/hard/crt0.o (memset)
/app/stm32cubeide/plugins/com.st.stm32cube.ide.mcu.externaltools.gnu-tools-for-stm32.12.3.rel1.linux64_1.0.200.202406132123/tools/bin/../lib/gcc/arm-none-eabi/12.3.1/../../../../arm-none-eabi/lib/thumb/v7e-m+fp/hard/libc_nano.a(libc_a-closer.o)
                              /app/stm32cubeide/plugins/com.st.stm32cube.ide.mcu.externaltools.gnu-tools-for-stm32.12.3.rel1.linux64_1.0.200.202406132123/tools/bin/../lib/gcc/arm-none-eabi/12.3.1/../../../../arm-none-eabi/lib/thumb/v7e-m+fp/hard/libc_nano.a(libc_a-stdio.o) (_close_r)
[...]
Memory Configuration

Name             Origin             Length             Attributes
RAM              0x20000000         0x00018000         xrw
FLASH            0x08000000         0x00080000         xr
*default*        0x00000000         0xffffffff

Linker script and memory map

LOAD /app/stm32cubeide/plugins/com.st.stm32cube.ide.mcu.externaltools.gnu-tools-for-stm32.12.3.rel1.linux64_1.0.200.202406132123/tools/bin/../lib/gcc/arm-none-eabi/12.3.1/thumb/v7e-m+fp/hard/crti.o
LOAD /app/stm32cubeide/plugins/com.st.stm32cube.ide.mcu.externaltools.gnu-tools-for-stm32.12.3.rel1.linux64_1.0.200.202406132123/tools/bin/../lib/gcc/arm-none-eabi/12.3.1/thumb/v7e-m+fp/hard/crtbegin.o
LOAD /app/stm32cubeide/plugins/com.st.stm32cube.ide.mcu.externaltools.gnu-tools-for-stm32.12.3.rel1.linux64_1.0.200.202406132123/tools/bin/../lib/gcc/arm-none-eabi/12.3.1/../../../../arm-none-eabi/lib/thumb/v7e-m+fp/hard/crt0.o
LOAD ./Core/Src/fatfs_sd.o
LOAD ./Core/Src/main.o
LOAD ./Core/Src/sd_sound.o
LOAD ./Core/Src/stm32f4xx_hal_msp.o
LOAD ./Core/Src/stm32f4xx_it.o
LOAD ./Core/Src/syscalls.o
LOAD ./Core/Src/sysmem.o
LOAD ./Core/Src/system_stm32f4xx.o
LOAD ./Core/Startup/startup_stm32f401retx.o
LOAD ./Drivers/STM32F4xx_HAL_Driver/Src/stm32f4xx_hal.o
LOAD ./Drivers/STM32F4xx_HAL_Driver/Src/stm32f4xx_hal_adc.o
LOAD ./Drivers/STM32F4xx_HAL_Driver/Src/stm32f4xx_hal_adc_ex.o
LOAD ./Drivers/STM32F4xx_HAL_Driver/Src/stm32f4xx_hal_cortex.o
LOAD ./Drivers/STM32F4xx_HAL_Driver/Src/stm32f4xx_hal_dma.o
LOAD ./Drivers/STM32F4xx_HAL_Driver/Src/stm32f4xx_hal_dma_ex.o
LOAD ./Drivers/STM32F4xx_HAL_Driver/Src/stm32f4xx_hal_exti.o
LOAD ./Drivers/STM32F4xx_HAL_Driver/Src/stm32f4xx_hal_flash.o
LOAD ./Drivers/STM32F4xx_HAL_Driver/Src/stm32f4xx_hal_flash_ex.o
LOAD ./Drivers/STM32F4xx_HAL_Driver/Src/stm32f4xx_hal_flash_ramfunc.o
LOAD ./Drivers/STM32F4xx_HAL_Driver/Src/stm32f4xx_hal_gpio.o
LOAD ./Drivers/STM32F4xx_HAL_Driver/Src/stm32f4xx_hal_i2s.o
LOAD ./Drivers/STM32F4xx_HAL_Driver/Src/stm32f4xx_hal_i2s_ex.o
LOAD ./Drivers/STM32F4xx_HAL_Driver/Src/stm32f4xx_hal_pwr.o
LOAD ./Drivers/STM32F4xx_HAL_Driver/Src/stm32f4xx_hal_pwr_ex.o
LOAD ./Drivers/STM32F4xx_HAL_Driver/Src/stm32f4xx_hal_rcc.o
LOAD ./Drivers/STM32F4xx_HAL_Driver/Src/stm32f4xx_hal_rcc_ex.o
LOAD ./Drivers/STM32F4xx_HAL_Driver/Src/stm32f4xx_hal_spi.o
LOAD ./Drivers/STM32F4xx_HAL_Driver/Src/stm32f4xx_hal_tim.o
LOAD ./Drivers/STM32F4xx_HAL_Driver/Src/stm32f4xx_hal_tim_ex.o
LOAD ./Drivers/STM32F4xx_HAL_Driver/Src/stm32f4xx_hal_uart.o
LOAD ./Drivers/STM32F4xx_HAL_Driver/Src/stm32f4xx_ll_adc.o
LOAD ./FATFS/App/fatfs.o
LOAD ./FATFS/Target/user_diskio.o
LOAD ./Middlewares/Third_Party/FatFs/src/diskio.o
LOAD ./Middlewares/Third_Party/FatFs/src/ff.o
LOAD ./Middlewares/Third_Party/FatFs/src/ff_gen_drv.o
LOAD ./Middlewares/Third_Party/FatFs/src/option/syscall.o
START GROUP
LOAD /app/stm32cubeide/plugins/com.st.stm32cube.ide.mcu.externaltools.gnu-tools-for-stm32.12.3.rel1.linux64_1.0.200.202406132123/tools/bin/../lib/gcc/arm-none-eabi/12.3.1/../../../../arm-none-eabi/lib/thumb/v7e-m+fp/hard/libc_nano.a
LOAD /app/stm32cubeide/plugins/com.st.stm32cube.ide.mcu.externaltools.gnu-tools-for-stm32.12.3.rel1.linux64_1.0.200.202406132123/tools/bin/../lib/gcc/arm-none-eabi/12.3.1/../../../../arm-none-eabi/lib/thumb/v7e-m+fp/hard/libm.a
END GROUP
START GROUP
LOAD /app/stm32cubeide/plugins/com.st.stm32cube.ide.mcu.externaltools.gnu-tools-for-stm32.12.3.rel1.linux64_1.0.200.202406132123/tools/bin/../lib/gcc/arm-none-eabi/12.3.1/thumb/v7e-m+fp/hard/libgcc.a
LOAD /app/stm32cubeide/plugins/com.st.stm32cube.ide.mcu.externaltools.gnu-tools-for-stm32.12.3.rel1.linux64_1.0.200.202406132123/tools/bin/../lib/gcc/arm-none-eabi/12.3.1/../../../../arm-none-eabi/lib/thumb/v7e-m+fp/hard/libc_nano.a
END GROUP
START GROUP
LOAD /app/stm32cubeide/plugins/com.st.stm32cube.ide.mcu.externaltools.gnu-tools-for-stm32.12.3.rel1.linux64_1.0.200.202406132123/tools/bin/../lib/gcc/arm-none-eabi/12.3.1/thumb/v7e-m+fp/hard/libgcc.a
LOAD /app/stm32cubeide/plugins/com.st.stm32cube.ide.mcu.externaltools.gnu-tools-for-stm32.12.3.rel1.linux64_1.0.200.202406132123/tools/bin/../lib/gcc/arm-none-eabi/12.3.1/../../../../arm-none-eabi/lib/thumb/v7e-m+fp/hard/libc_nano.a
LOAD /app/stm32cubeide/plugins/com.st.stm32cube.ide.mcu.externaltools.gnu-tools-for-stm32.12.3.rel1.linux64_1.0.200.202406132123/tools/bin/../lib/gcc/arm-none-eabi/12.3.1/../../../../arm-none-eabi/lib/thumb/v7e-m+fp/hard/libnosys.a
END GROUP
START GROUP
LOAD /app/stm32cubeide/plugins/com.st.stm32cube.ide.mcu.externaltools.gnu-tools-for-stm32.12.3.rel1.linux64_1.0.200.202406132123/tools/bin/../lib/gcc/arm-none-eabi/12.3.1/thumb/v7e-m+fp/hard/libgcc.a
LOAD /app/stm32cubeide/plugins/com.st.stm32cube.ide.mcu.externaltools.gnu-tools-for-stm32.12.3.rel1.linux64_1.0.200.202406132123/tools/bin/../lib/gcc/arm-none-eabi/12.3.1/../../../../arm-none-eabi/lib/thumb/v7e-m+fp/hard/libc_nano.a
LOAD /app/stm32cubeide/plugins/com.st.stm32cube.ide.mcu.externaltools.gnu-tools-for-stm32.12.3.rel1.linux64_1.0.200.202406132123/tools/bin/../lib/gcc/arm-none-eabi/12.3.1/../../../../arm-none-eabi/lib/thumb/v7e-m+fp/hard/libnosys.a
END GROUP
LOAD /app/stm32cubeide/plugins/com.st.stm32cube.ide.mcu.externaltools.gnu-tools-for-stm32.12.3.rel1.linux64_1.0.200.202406132123/tools/bin/../lib/gcc/arm-none-eabi/12.3.1/thumb/v7e-m+fp/hard/crtend.o
LOAD /app/stm32cubeide/plugins/com.st.stm32cube.ide.mcu.externaltools.gnu-tools-for-stm32.12.3.rel1.linux64_1.0.200.202406132123/tools/bin/../lib/gcc/arm-none-eabi/12.3.1/thumb/v7e-m+fp/hard/crtn.o
                0x20018000                        _estack = (ORIGIN (RAM) + LENGTH (RAM))
                0x00000200                        _Min_Heap_Size = 0x200
                0x00000400                        _Min_Stack_Size = 0x400

.isr_vector     0x08000000      0x194
                0x08000000                        . = ALIGN (0x4)
 *(.isr_vector)
 .isr_vector    0x08000000      0x194 ./Core/Startup/startup_stm32f401retx.o
                0x08000000                g_pfnVectors
                0x08000194                        . = ALIGN (0x4)

.text           0x08000194     0x8f64
                0x08000194                        . = ALIGN (0x4)
 *(.text)
 .text          0x08000194       0x40 /app/stm32cubeide/plugins/com.st.stm32cube.ide.mcu.externaltools.gnu-tools-for-stm32.12.3.rel1.linux64_1.0.200.202406132123/tools/bin/../lib/gcc/arm-none-eabi/12.3.1/thumb/v7e-m+fp/hard/crtbegin.o
 .text          0x080001d4       0x30 /app/stm32cubeide/plugins/com.st.stm32cube.ide.mcu.externaltools.gnu-tools-for-stm32.12.3.rel1.linux64_1.0.200.202406132123/tools/bin/../lib/gcc/arm-none-eabi/12.3.1/thumb/v7e-m+fp/hard/libgcc.a(_aeabi_uldivmod.o)
                0x080001d4                __aeabi_uldivmod
 .text          0x08000204      0x2bc /app/stm32cubeide/plugins/com.st.stm32cube.ide.mcu.externaltools.gnu-tools-for-stm32.12.3.rel1.linux64_1.0.200.202406132123/tools/bin/../lib/gcc/arm-none-eabi/12.3.1/thumb/v7e-m+fp/hard/libgcc.a(_udivmoddi4.o)
                0x08000204                __udivmoddi4
 .text          0x080004c0        0x4 /app/stm32cubeide/plugins/com.st.stm32cube.ide.mcu.externaltools.gnu-tools-for-stm32.12.3.rel1.linux64_1.0.200.202406132123/tools/bin/../lib/gcc/arm-none-eabi/12.3.1/thumb/v7e-m+fp/hard/libgcc.a(_dvmd_tls.o)
                0x080004c0                __aeabi_ldiv0
                0x080004c0                __aeabi_idiv0
 *(.text*)
 .text.SELECT   0x080004c4       0x20 ./Core/Src/fatfs_sd.o
 .text.DESELECT
                0x080004e4       0x20 ./Core/Src/fatfs_sd.o
 .text.SPI_TxByte
                0x08000504       0x34 ./Core/Src/fatfs_sd.o
 .text.SPI_TxBuffer
                0x08000538       0x34 ./Core/Src/fatfs_sd.o
 .text.SPI_RxByte
                0x0800056c       0x38 ./Core/Src/fatfs_sd.o
 .text.SPI_RxBytePtr
                0x080005a4       0x1c ./Core/Src/fatfs_sd.o
 .text.SD_ReadyWait
                0x080005c0       0x34 ./Core/Src/fatfs_sd.o
 .text.SD_PowerOn
                0x080005f4       0x84 ./Core/Src/fatfs_sd.o
 .text.SD_PowerOff
                0x08000678       0x18 ./Core/Src/fatfs_sd.o
 .text.SD_CheckPower
                0x08000690       0x18 ./Core/Src/fatfs_sd.o
 .text.SD_RxDataBlock
                0x080006a8       0x60 ./Core/Src/fatfs_sd.o
 .text.SD_TxDataBlock
                0x08000708       0x86 ./Core/Src/fatfs_sd.o
 .text.SD_SendCmd
                0x0800078e       0xa8 ./Core/Src/fatfs_sd.o
 *fill*         0x08000836        0x2 
 .text.SD_disk_initialize
                0x08000838      0x1d8 ./Core/Src/fatfs_sd.o
                0x08000838                SD_disk_initialize
 .text.SD_disk_status
                0x08000a10       0x2c ./Core/Src/fatfs_sd.o
                0x08000a10                SD_disk_status
 .text.SD_disk_read
                0x08000a3c       0xd4 ./Core/Src/fatfs_sd.o
                0x08000a3c                SD_disk_read
 .text.SD_disk_write
                0x08000b10      0x108 ./Core/Src/fatfs_sd.o
                0x08000b10                SD_disk_write
 .text.SD_disk_ioctl
                0x08000c18      0x258 ./Core/Src/fatfs_sd.o
                0x08000c18                SD_disk_ioctl
 .text.ITM_SendChar
                0x08000e70       0x4e ./Core/Src/main.o
 .text._write   0x08000ebe       0x38 ./Core/Src/main.o
                0x08000ebe                _write
 *fill*         0x08000ef6        0x2 
 .text.HAL_I2S_TxHalfCpltCallback
                0x08000ef8       0x20 ./Core/Src/main.o
                0x08000ef8                HAL_I2S_TxHalfCpltCallback
 .text.HAL_I2S_TxCpltCallback
                0x08000f18       0x30 ./Core/Src/main.o
                0x08000f18                HAL_I2S_TxCpltCallback
 .text.main     0x08000f48      0x174 ./Core/Src/main.o
                0x08000f48                main
 .text.SystemClock_Config
                0x080010bc       0xd8 ./Core/Src/main.o
                0x080010bc                SystemClock_Config
 .text.MX_ADC1_Init
                0x08001194       0xa4 ./Core/Src/main.o
 .text.MX_I2S3_Init
                0x08001238       0x5c ./Core/Src/main.o
 .text.MX_SPI2_Init
                0x08001294       0x6c ./Core/Src/main.o
 .text.MX_TIM1_Init
                0x08001300      0x108 ./Core/Src/main.o
 .text.MX_TIM2_Init
                0x08001408       0xb0 ./Core/Src/main.o
 .text.MX_USART2_UART_Init
                0x080014b8       0x54 ./Core/Src/main.o
 .text.MX_DMA_Init
                0x0800150c       0x40 ./Core/Src/main.o
 .text.MX_GPIO_Init
                0x0800154c      0x194 ./Core/Src/main.o
 .text.Error_Handler
                0x080016e0        0xc ./Core/Src/main.o
                0x080016e0                Error_Handler
 .text.HAL_MspInit
                0x080016ec       0x50 ./Core/Src/stm32f4xx_hal_msp.o
                0x080016ec                HAL_MspInit
 .text.HAL_ADC_MspInit
                0x0800173c       0xc0 ./Core/Src/stm32f4xx_hal_msp.o
                0x0800173c                HAL_ADC_MspInit
 .text.HAL_I2S_MspInit
                0x080017fc      0x16c ./Core/Src/stm32f4xx_hal_msp.o
                0x080017fc                HAL_I2S_MspInit
 .text.HAL_SPI_MspInit
                0x08001968       0x90 ./Core/Src/stm32f4xx_hal_msp.o
                0x08001968                HAL_SPI_MspInit
 .text.HAL_TIM_PWM_MspInit
                0x080019f8       0x6c ./Core/Src/stm32f4xx_hal_msp.o
                0x080019f8                HAL_TIM_PWM_MspInit
 .text.HAL_TIM_MspPostInit
                0x08001a64       0xc4 ./Core/Src/stm32f4xx_hal_msp.o
                0x08001a64                HAL_TIM_MspPostInit
 .text.HAL_UART_MspInit
                0x08001b28       0x90 ./Core/Src/stm32f4xx_hal_msp.o
                0x08001b28                HAL_UART_MspInit
 .text.SDTimer_Handler
                0x08001bb8       0x48 ./Core/Src/stm32f4xx_it.o
                0x08001bb8                SDTimer_Handler
 .text.NMI_Handler
                0x08001c00        0x8 ./Core/Src/stm32f4xx_it.o
                0x08001c00                NMI_Handler
 .text.HardFault_Handler
                0x08001c08        0x8 ./Core/Src/stm32f4xx_it.o
                0x08001c08                HardFault_Handler
 .text.MemManage_Handler
                0x08001c10        0x8 ./Core/Src/stm32f4xx_it.o
                0x08001c10                MemManage_Handler
 .text.BusFault_Handler
                0x08001c18        0x8 ./Core/Src/stm32f4xx_it.o
                0x08001c18                BusFault_Handler
 .text.UsageFault_Handler
                0x08001c20        0x8 ./Core/Src/stm32f4xx_it.o
                0x08001c20                UsageFault_Handler
 .text.SVC_Handler
                0x08001c28        0xe ./Core/Src/stm32f4xx_it.o
                0x08001c28                SVC_Handler
 .text.DebugMon_Handler
                0x08001c36        0xe ./Core/Src/stm32f4xx_it.o
                0x08001c36                DebugMon_Handler
 .text.PendSV_Handler
                0x08001c44        0xe ./Core/Src/stm32f4xx_it.o
                0x08001c44                PendSV_Handler
 *fill*         0x08001c52        0x2 
 .text.SysTick_Handler
                0x08001c54       0x34 ./Core/Src/stm32f4xx_it.o
                0x08001c54                SysTick_Handler
 .text.DMA1_Stream5_IRQHandler
                0x08001c88       0x14 ./Core/Src/stm32f4xx_it.o
                0x08001c88                DMA1_Stream5_IRQHandler
 .text._read    0x08001c9c       0x3a ./Core/Src/syscalls.o
                0x08001c9c                _read
 .text._close   0x08001cd6       0x18 ./Core/Src/syscalls.o
                0x08001cd6                _close
 .text._fstat   0x08001cee       0x20 ./Core/Src/syscalls.o
                0x08001cee                _fstat
 .text._isatty  0x08001d0e       0x16 ./Core/Src/syscalls.o
                0x08001d0e                _isatty
 .text._lseek   0x08001d24       0x1a ./Core/Src/syscalls.o
                0x08001d24                _lseek
 *fill*         0x08001d3e        0x2 
 .text._sbrk    0x08001d40       0x6c ./Core/Src/sysmem.o
                0x08001d40                _sbrk
 .text.SystemInit
                0x08001dac       0x24 ./Core/Src/system_stm32f4xx.o
                0x08001dac                SystemInit
 .text.Reset_Handler
                0x08001dd0       0x50 ./Core/Startup/startup_stm32f401retx.o
                0x08001dd0                Reset_Handler
 .text.Default_Handler
                0x08001e20        0x2 ./Core/Startup/startup_stm32f401retx.o
                0x08001e20                RTC_Alarm_IRQHandler
                0x08001e20                EXTI2_IRQHandler
                0x08001e20                SPI4_IRQHandler
                0x08001e20                TIM1_CC_IRQHandler
                0x08001e20                DMA2_Stream5_IRQHandler
                0x08001e20                PVD_IRQHandler
                0x08001e20                SDIO_IRQHandler
                0x08001e20                TAMP_STAMP_IRQHandler
                0x08001e20                EXTI3_IRQHandler
                0x08001e20                TIM1_UP_TIM10_IRQHandler
                0x08001e20                I2C3_ER_IRQHandler
                0x08001e20                EXTI0_IRQHandler
                0x08001e20                I2C2_EV_IRQHandler
                0x08001e20                DMA1_Stream2_IRQHandler
                0x08001e20                FPU_IRQHandler
                0x08001e20                DMA2_Stream2_IRQHandler
                0x08001e20                SPI1_IRQHandler
                0x08001e20                TIM1_BRK_TIM9_IRQHandler
                0x08001e20                DMA2_Stream3_IRQHandler
                0x08001e20                USART6_IRQHandler
                0x08001e20                DMA2_Stream0_IRQHandler
                0x08001e20                TIM4_IRQHandler
                0x08001e20                I2C1_EV_IRQHandler
                0x08001e20                DMA1_Stream6_IRQHandler
                0x08001e20                DMA1_Stream1_IRQHandler
                0x08001e20                TIM3_IRQHandler
                0x08001e20                RCC_IRQHandler
                0x08001e20                Default_Handler
                0x08001e20                EXTI15_10_IRQHandler
                0x08001e20                ADC_IRQHandler
                0x08001e20                DMA1_Stream7_IRQHandler
                0x08001e20                TIM5_IRQHandler
                0x08001e20                DMA2_Stream7_IRQHandler
                0x08001e20                I2C3_EV_IRQHandler
                0x08001e20                EXTI9_5_IRQHandler
                0x08001e20                RTC_WKUP_IRQHandler
                0x08001e20                SPI2_IRQHandler
                0x08001e20                DMA1_Stream0_IRQHandler
                0x08001e20                EXTI4_IRQHandler
                0x08001e20                WWDG_IRQHandler
                0x08001e20                TIM2_IRQHandler
                0x08001e20                OTG_FS_WKUP_IRQHandler
                0x08001e20                TIM1_TRG_COM_TIM11_IRQHandler
                0x08001e20                EXTI1_IRQHandler
                0x08001e20                USART2_IRQHandler
                0x08001e20                I2C2_ER_IRQHandler
                0x08001e20                DMA2_Stream1_IRQHandler
                0x08001e20                FLASH_IRQHandler
                0x08001e20                DMA2_Stream4_IRQHandler
                0x08001e20                USART1_IRQHandler
                0x08001e20                OTG_FS_IRQHandler
                0x08001e20                SPI3_IRQHandler
                0x08001e20                DMA1_Stream4_IRQHandler
                0x08001e20                I2C1_ER_IRQHandler
                0x08001e20                DMA2_Stream6_IRQHandler
                0x08001e20                DMA1_Stream3_IRQHandler
 *fill*         0x08001e22        0x2 
 .text.HAL_Init
                0x08001e24       0x44 ./Drivers/STM32F4xx_HAL_Driver/Src/stm32f4xx_hal.o
                0x08001e24                HAL_Init
 .text.HAL_InitTick
                0x08001e68       0x60 ./Drivers/STM32F4xx_HAL_Driver/Src/stm32f4xx_hal.o
                0x08001e68                HAL_InitTick
 .text.HAL_IncTick
                0x08001ec8       0x28 ./Drivers/STM32F4xx_HAL_Driver/Src/stm32f4xx_hal.o
                0x08001ec8                HAL_IncTick
 .text.HAL_GetTick
                0x08001ef0       0x18 ./Drivers/STM32F4xx_HAL_Driver/Src/stm32f4xx_hal.o
                0x08001ef0                HAL_GetTick
 .text.HAL_Delay
                0x08001f08       0x48 ./Drivers/STM32F4xx_HAL_Driver/Src/stm32f4xx_hal.o
                0x08001f08                HAL_Delay
 .text.HAL_ADC_Init
                0x08001f50       0x86 ./Drivers/STM32F4xx_HAL_Driver/Src/stm32f4xx_hal_adc.o
                0x08001f50                HAL_ADC_Init
 *fill*         0x08001fd6        0x2 
 .text.HAL_ADC_ConfigChannel
                0x08001fd8      0x244 ./Drivers/STM32F4xx_HAL_Driver/Src/stm32f4xx_hal_adc.o
                0x08001fd8                HAL_ADC_ConfigChannel
 .text.ADC_Init
                0x0800221c      0x1f8 ./Drivers/STM32F4xx_HAL_Driver/Src/stm32f4xx_hal_adc.o
 .text.__NVIC_SetPriorityGrouping
                0x08002414       0x48 ./Drivers/STM32F4xx_HAL_Driver/Src/stm32f4xx_hal_cortex.o
 .text.__NVIC_GetPriorityGrouping
                0x0800245c       0x1c ./Drivers/STM32F4xx_HAL_Driver/Src/stm32f4xx_hal_cortex.o
 .text.__NVIC_EnableIRQ
                0x08002478       0x3c ./Drivers/STM32F4xx_HAL_Driver/Src/stm32f4xx_hal_cortex.o
 .text.__NVIC_SetPriority
                0x080024b4       0x54 ./Drivers/STM32F4xx_HAL_Driver/Src/stm32f4xx_hal_cortex.o
 .text.NVIC_EncodePriority
                0x08002508       0x66 ./Drivers/STM32F4xx_HAL_Driver/Src/stm32f4xx_hal_cortex.o
 *fill*         0x0800256e        0x2 
 .text.SysTick_Config
                0x08002570       0x44 ./Drivers/STM32F4xx_HAL_Driver/Src/stm32f4xx_hal_cortex.o
 .text.HAL_NVIC_SetPriorityGrouping
                0x080025b4       0x16 ./Drivers/STM32F4xx_HAL_Driver/Src/stm32f4xx_hal_cortex.o
                0x080025b4                HAL_NVIC_SetPriorityGrouping
 .text.HAL_NVIC_SetPriority
                0x080025ca       0x38 ./Drivers/STM32F4xx_HAL_Driver/Src/stm32f4xx_hal_cortex.o
                0x080025ca                HAL_NVIC_SetPriority
 .text.HAL_NVIC_EnableIRQ
                0x08002602       0x1c ./Drivers/STM32F4xx_HAL_Driver/Src/stm32f4xx_hal_cortex.o
                0x08002602                HAL_NVIC_EnableIRQ
 .text.HAL_SYSTICK_Config
                0x0800261e       0x18 ./Drivers/STM32F4xx_HAL_Driver/Src/stm32f4xx_hal_cortex.o
                0x0800261e                HAL_SYSTICK_Config
 *fill*         0x08002636        0x2 
 .text.HAL_DMA_Init
                0x08002638      0x15c ./Drivers/STM32F4xx_HAL_Driver/Src/stm32f4xx_hal_dma.o
                0x08002638                HAL_DMA_Init
 .text.HAL_DMA_Start_IT
                0x08002794       0xb0 ./Drivers/STM32F4xx_HAL_Driver/Src/stm32f4xx_hal_dma.o
                0x08002794                HAL_DMA_Start_IT
 .text.HAL_DMA_Abort
                0x08002844       0xe0 ./Drivers/STM32F4xx_HAL_Driver/Src/stm32f4xx_hal_dma.o
                0x08002844                HAL_DMA_Abort
 .text.HAL_DMA_IRQHandler
                0x08002924      0x314 ./Drivers/STM32F4xx_HAL_Driver/Src/stm32f4xx_hal_dma.o
                0x08002924                HAL_DMA_IRQHandler
 .text.DMA_SetConfig
                0x08002c38       0x5c ./Drivers/STM32F4xx_HAL_Driver/Src/stm32f4xx_hal_dma.o
 .text.DMA_CalcBaseAndBitshift
                0x08002c94       0x6c ./Drivers/STM32F4xx_HAL_Driver/Src/stm32f4xx_hal_dma.o
 .text.DMA_CheckFifoParam
                0x08002d00       0xf8 ./Drivers/STM32F4xx_HAL_Driver/Src/stm32f4xx_hal_dma.o
 .text.HAL_GPIO_Init
                0x08002df8      0x308 ./Drivers/STM32F4xx_HAL_Driver/Src/stm32f4xx_hal_gpio.o
                0x08002df8                HAL_GPIO_Init
 .text.HAL_GPIO_WritePin
                0x08003100       0x32 ./Drivers/STM32F4xx_HAL_Driver/Src/stm32f4xx_hal_gpio.o
                0x08003100                HAL_GPIO_WritePin
 *fill*         0x08003132        0x2 
 .text.HAL_I2S_Init
                0x08003134      0x280 ./Drivers/STM32F4xx_HAL_Driver/Src/stm32f4xx_hal_i2s.o
                0x08003134                HAL_I2S_Init
 .text.HAL_I2S_Transmit_DMA
                0x080033b4      0x148 ./Drivers/STM32F4xx_HAL_Driver/Src/stm32f4xx_hal_i2s.o
                0x080033b4                HAL_I2S_Transmit_DMA
 .text.HAL_I2S_DMAStop
                0x080034fc      0x3b4 ./Drivers/STM32F4xx_HAL_Driver/Src/stm32f4xx_hal_i2s.o
                0x080034fc                HAL_I2S_DMAStop
 .text.HAL_I2S_RxCpltCallback
                0x080038b0       0x14 ./Drivers/STM32F4xx_HAL_Driver/Src/stm32f4xx_hal_i2s.o
                0x080038b0                HAL_I2S_RxCpltCallback
 .text.HAL_I2S_ErrorCallback
                0x080038c4       0x14 ./Drivers/STM32F4xx_HAL_Driver/Src/stm32f4xx_hal_i2s.o
                0x080038c4                HAL_I2S_ErrorCallback
 .text.I2S_DMATxCplt
                0x080038d8       0x42 ./Drivers/STM32F4xx_HAL_Driver/Src/stm32f4xx_hal_i2s.o
 .text.I2S_DMATxHalfCplt
                0x0800391a       0x1c ./Drivers/STM32F4xx_HAL_Driver/Src/stm32f4xx_hal_i2s.o
 .text.I2S_DMAError
                0x08003936       0x4c ./Drivers/STM32F4xx_HAL_Driver/Src/stm32f4xx_hal_i2s.o
 .text.I2S_Transmit_IT
                0x08003982       0x5c ./Drivers/STM32F4xx_HAL_Driver/Src/stm32f4xx_hal_i2s.o
 .text.I2S_Receive_IT
                0x080039de       0x5e ./Drivers/STM32F4xx_HAL_Driver/Src/stm32f4xx_hal_i2s.o
 .text.I2S_IRQHandler
                0x08003a3c      0x114 ./Drivers/STM32F4xx_HAL_Driver/Src/stm32f4xx_hal_i2s.o
 .text.I2S_WaitFlagStateUntilTimeout
                0x08003b50       0x72 ./Drivers/STM32F4xx_HAL_Driver/Src/stm32f4xx_hal_i2s.o
 *fill*         0x08003bc2        0x2 
 .text.HAL_I2SEx_FullDuplex_IRQHandler
                0x08003bc4      0x2a8 ./Drivers/STM32F4xx_HAL_Driver/Src/stm32f4xx_hal_i2s_ex.o
                0x08003bc4                HAL_I2SEx_FullDuplex_IRQHandler
 .text.HAL_I2SEx_TxRxCpltCallback
                0x08003e6c       0x14 ./Drivers/STM32F4xx_HAL_Driver/Src/stm32f4xx_hal_i2s_ex.o
                0x08003e6c                HAL_I2SEx_TxRxCpltCallback
 .text.I2SEx_TxISR_I2S
                0x08003e80       0x62 ./Drivers/STM32F4xx_HAL_Driver/Src/stm32f4xx_hal_i2s_ex.o
 *fill*         0x08003ee2        0x2 
 .text.I2SEx_TxISR_I2SExt
                0x08003ee4       0x98 ./Drivers/STM32F4xx_HAL_Driver/Src/stm32f4xx_hal_i2s_ex.o
 .text.I2SEx_RxISR_I2S
                0x08003f7c       0x64 ./Drivers/STM32F4xx_HAL_Driver/Src/stm32f4xx_hal_i2s_ex.o
 .text.I2SEx_RxISR_I2SExt
                0x08003fe0       0x98 ./Drivers/STM32F4xx_HAL_Driver/Src/stm32f4xx_hal_i2s_ex.o
 .text.HAL_RCC_OscConfig
                0x08004078      0x4f0 ./Drivers/STM32F4xx_HAL_Driver/Src/stm32f4xx_hal_rcc.o
                0x08004078                HAL_RCC_OscConfig
 .text.HAL_RCC_ClockConfig
                0x08004568      0x1cc ./Drivers/STM32F4xx_HAL_Driver/Src/stm32f4xx_hal_rcc.o
                0x08004568                HAL_RCC_ClockConfig
 .text.HAL_RCC_GetSysClockFreq
                0x08004734      0x20c ./Drivers/STM32F4xx_HAL_Driver/Src/stm32f4xx_hal_rcc.o
                0x08004734                HAL_RCC_GetSysClockFreq
 .text.HAL_RCC_GetHCLKFreq
                0x08004940       0x18 ./Drivers/STM32F4xx_HAL_Driver/Src/stm32f4xx_hal_rcc.o
                0x08004940                HAL_RCC_GetHCLKFreq
 .text.HAL_RCC_GetPCLK1Freq
                0x08004958       0x28 ./Drivers/STM32F4xx_HAL_Driver/Src/stm32f4xx_hal_rcc.o
                0x08004958                HAL_RCC_GetPCLK1Freq
 .text.HAL_RCC_GetPCLK2Freq
                0x08004980       0x28 ./Drivers/STM32F4xx_HAL_Driver/Src/stm32f4xx_hal_rcc.o
                0x08004980                HAL_RCC_GetPCLK2Freq
 .text.HAL_RCCEx_PeriphCLKConfig
                0x080049a8      0x1dc ./Drivers/STM32F4xx_HAL_Driver/Src/stm32f4xx_hal_rcc_ex.o
                0x080049a8                HAL_RCCEx_PeriphCLKConfig
 .text.HAL_RCCEx_GetPeriphCLKFreq
                0x08004b84       0xc0 ./Drivers/STM32F4xx_HAL_Driver/Src/stm32f4xx_hal_rcc_ex.o
                0x08004b84                HAL_RCCEx_GetPeriphCLKFreq
 .text.HAL_SPI_Init
                0x08004c44      0x112 ./Drivers/STM32F4xx_HAL_Driver/Src/stm32f4xx_hal_spi.o
                0x08004c44                HAL_SPI_Init
 .text.HAL_SPI_Transmit
                0x08004d56      0x288 ./Drivers/STM32F4xx_HAL_Driver/Src/stm32f4xx_hal_spi.o
                0x08004d56                HAL_SPI_Transmit
 .text.HAL_SPI_TransmitReceive
                0x08004fde      0x352 ./Drivers/STM32F4xx_HAL_Driver/Src/stm32f4xx_hal_spi.o
                0x08004fde                HAL_SPI_TransmitReceive
 .text.SPI_WaitFlagStateUntilTimeout
                0x08005330      0x110 ./Drivers/STM32F4xx_HAL_Driver/Src/stm32f4xx_hal_spi.o
 .text.SPI_EndRxTxTransaction
                0x08005440       0xa8 ./Drivers/STM32F4xx_HAL_Driver/Src/stm32f4xx_hal_spi.o
 .text.HAL_TIM_PWM_Init
                0x080054e8       0x9e ./Drivers/STM32F4xx_HAL_Driver/Src/stm32f4xx_hal_tim.o
                0x080054e8                HAL_TIM_PWM_Init
 *fill*         0x08005586        0x2 
 .text.HAL_TIM_PWM_ConfigChannel
                0x08005588      0x184 ./Drivers/STM32F4xx_HAL_Driver/Src/stm32f4xx_hal_tim.o
                0x08005588                HAL_TIM_PWM_ConfigChannel
 .text.TIM_Base_SetConfig
                0x0800570c      0x118 ./Drivers/STM32F4xx_HAL_Driver/Src/stm32f4xx_hal_tim.o
                0x0800570c                TIM_Base_SetConfig
 .text.TIM_OC1_SetConfig
                0x08005824       0xcc ./Drivers/STM32F4xx_HAL_Driver/Src/stm32f4xx_hal_tim.o
 .text.TIM_OC2_SetConfig
                0x080058f0       0xd8 ./Drivers/STM32F4xx_HAL_Driver/Src/stm32f4xx_hal_tim.o
                0x080058f0                TIM_OC2_SetConfig
 .text.TIM_OC3_SetConfig
                0x080059c8       0xd4 ./Drivers/STM32F4xx_HAL_Driver/Src/stm32f4xx_hal_tim.o
 .text.TIM_OC4_SetConfig
                0x08005a9c       0xa0 ./Drivers/STM32F4xx_HAL_Driver/Src/stm32f4xx_hal_tim.o
 .text.HAL_TIMEx_MasterConfigSynchronization
                0x08005b3c       0xdc ./Drivers/STM32F4xx_HAL_Driver/Src/stm32f4xx_hal_tim_ex.o
                0x08005b3c                HAL_TIMEx_MasterConfigSynchronization
 .text.HAL_TIMEx_ConfigBreakDeadTime
                0x08005c18       0xa4 ./Drivers/STM32F4xx_HAL_Driver/Src/stm32f4xx_hal_tim_ex.o
                0x08005c18                HAL_TIMEx_ConfigBreakDeadTime
 .text.HAL_UART_Init
                0x08005cbc       0xa0 ./Drivers/STM32F4xx_HAL_Driver/Src/stm32f4xx_hal_uart.o
                0x08005cbc                HAL_UART_Init
 .text.UART_SetConfig
                0x08005d5c      0x4e8 ./Drivers/STM32F4xx_HAL_Driver/Src/stm32f4xx_hal_uart.o
 .text.MX_FATFS_Init
                0x08006244       0x24 ./FATFS/App/fatfs.o
                0x08006244                MX_FATFS_Init
 .text.get_fattime
                0x08006268       0x10 ./FATFS/App/fatfs.o
                0x08006268                get_fattime
 .text.USER_initialize
                0x08006278       0x1e ./FATFS/Target/user_diskio.o
                0x08006278                USER_initialize
 .text.USER_status
                0x08006296       0x1e ./FATFS/Target/user_diskio.o
                0x08006296                USER_status
 .text.USER_read
                0x080062b4       0x28 ./FATFS/Target/user_diskio.o
                0x080062b4                USER_read
 .text.USER_write
                0x080062dc       0x28 ./FATFS/Target/user_diskio.o
                0x080062dc                USER_write
 .text.USER_ioctl
                0x08006304       0x2c ./FATFS/Target/user_diskio.o
                0x08006304                USER_ioctl
 .text.disk_status
                0x08006330       0x34 ./Middlewares/Third_Party/FatFs/src/diskio.o
                0x08006330                disk_status
 .text.disk_initialize
                0x08006364       0x50 ./Middlewares/Third_Party/FatFs/src/diskio.o
                0x08006364                disk_initialize
 .text.disk_read
                0x080063b4       0x40 ./Middlewares/Third_Party/FatFs/src/diskio.o
                0x080063b4                disk_read
 .text.disk_write
                0x080063f4       0x40 ./Middlewares/Third_Party/FatFs/src/diskio.o
                0x080063f4                disk_write
 .text.ld_word  0x08006434       0x30 ./Middlewares/Third_Party/FatFs/src/ff.o
 .text.ld_dword
                0x08006464       0x46 ./Middlewares/Third_Party/FatFs/src/ff.o
 .text.st_word  0x080064aa       0x36 ./Middlewares/Third_Party/FatFs/src/ff.o
 .text.st_dword
                0x080064e0       0x58 ./Middlewares/Third_Party/FatFs/src/ff.o
 .text.mem_cpy  0x08006538       0x42 ./Middlewares/Third_Party/FatFs/src/ff.o
 .text.mem_set  0x0800657a       0x36 ./Middlewares/Third_Party/FatFs/src/ff.o
 .text.mem_cmp  0x080065b0       0x4e ./Middlewares/Third_Party/FatFs/src/ff.o
 .text.chk_chr  0x080065fe       0x36 ./Middlewares/Third_Party/FatFs/src/ff.o
 .text.chk_lock
                0x08006634       0xb8 ./Middlewares/Third_Party/FatFs/src/ff.o
 .text.enq_lock
                0x080066ec       0x44 ./Middlewares/Third_Party/FatFs/src/ff.o
 .text.inc_lock
                0x08006730      0x11c ./Middlewares/Third_Party/FatFs/src/ff.o
 .text.clear_lock
                0x0800684c       0x48 ./Middlewares/Third_Party/FatFs/src/ff.o
 .text.sync_window
                0x08006894       0x88 ./Middlewares/Third_Party/FatFs/src/ff.o
 .text.move_window
                0x0800691c       0x5a ./Middlewares/Third_Party/FatFs/src/ff.o
 .text.clust2sect
                0x08006976       0x3e ./Middlewares/Third_Party/FatFs/src/ff.o
 .text.get_fat  0x080069b4      0x14e ./Middlewares/Third_Party/FatFs/src/ff.o
 .text.put_fat  0x08006b02      0x1d4 ./Middlewares/Third_Party/FatFs/src/ff.o
 .text.remove_chain
                0x08006cd6       0xca ./Middlewares/Third_Party/FatFs/src/ff.o
 .text.create_chain
                0x08006da0      0x130 ./Middlewares/Third_Party/FatFs/src/ff.o
 .text.clmt_clust
                0x08006ed0       0x68 ./Middlewares/Third_Party/FatFs/src/ff.o
 .text.dir_sdi  0x08006f38       0xf6 ./Middlewares/Third_Party/FatFs/src/ff.o
 .text.dir_next
                0x0800702e      0x18a ./Middlewares/Third_Party/FatFs/src/ff.o
 .text.dir_alloc
                0x080071b8       0x8e ./Middlewares/Third_Party/FatFs/src/ff.o
 .text.ld_clust
                0x08007246       0x3e ./Middlewares/Third_Party/FatFs/src/ff.o
 .text.st_clust
                0x08007284       0x40 ./Middlewares/Third_Party/FatFs/src/ff.o
 .text.dir_find
                0x080072c4       0xaa ./Middlewares/Third_Party/FatFs/src/ff.o
 .text.dir_register
                0x0800736e       0x64 ./Middlewares/Third_Party/FatFs/src/ff.o
 *fill*         0x080073d2        0x2 
 .text.create_name
                0x080073d4      0x128 ./Middlewares/Third_Party/FatFs/src/ff.o
 .text.follow_path
                0x080074fc       0xe2 ./Middlewares/Third_Party/FatFs/src/ff.o
 .text.get_ldnumber
                0x080075de       0x88 ./Middlewares/Third_Party/FatFs/src/ff.o
 *fill*         0x08007666        0x2 
 .text.check_fs
                0x08007668       0xac ./Middlewares/Third_Party/FatFs/src/ff.o
 .text.find_volume
                0x08007714      0x498 ./Middlewares/Third_Party/FatFs/src/ff.o
 .text.validate
                0x08007bac       0x6a ./Middlewares/Third_Party/FatFs/src/ff.o
 *fill*         0x08007c16        0x2 
 .text.f_mount  0x08007c18       0x8c ./Middlewares/Third_Party/FatFs/src/ff.o
                0x08007c18                f_mount
 .text.f_open   0x08007ca4      0x374 ./Middlewares/Third_Party/FatFs/src/ff.o
                0x08007ca4                f_open
 .text.f_read   0x08008018      0x27e ./Middlewares/Third_Party/FatFs/src/ff.o
                0x08008018                f_read
 .text.f_lseek  0x08008296      0x412 ./Middlewares/Third_Party/FatFs/src/ff.o
                0x08008296                f_lseek
 .text.FATFS_LinkDriverEx
                0x080086a8       0x98 ./Middlewares/Third_Party/FatFs/src/ff_gen_drv.o
                0x080086a8                FATFS_LinkDriverEx
 .text.FATFS_LinkDriver
                0x08008740       0x1e ./Middlewares/Third_Party/FatFs/src/ff_gen_drv.o
                0x08008740                FATFS_LinkDriver
 *fill*         0x0800875e        0x2 
 .text.__sflush_r
                0x08008760      0x108 /app/stm32cubeide/plugins/com.st.stm32cube.ide.mcu.externaltools.gnu-tools-for-stm32.12.3.rel1.linux64_1.0.200.202406132123/tools/bin/../lib/gcc/arm-none-eabi/12.3.1/../../../../arm-none-eabi/lib/thumb/v7e-m+fp/hard/libc_nano.a(libc_a-fflush.o)
                0x08008760                __sflush_r
 .text._fflush_r
                0x08008868       0x50 /app/stm32cubeide/plugins/com.st.stm32cube.ide.mcu.externaltools.gnu-tools-for-stm32.12.3.rel1.linux64_1.0.200.202406132123/tools/bin/../lib/gcc/arm-none-eabi/12.3.1/../../../../arm-none-eabi/lib/thumb/v7e-m+fp/hard/libc_nano.a(libc_a-fflush.o)
                0x08008868                _fflush_r
 .text.fflush   0x080088b8       0x28 /app/stm32cubeide/plugins/com.st.stm32cube.ide.mcu.externaltools.gnu-tools-for-stm32.12.3.rel1.linux64_1.0.200.202406132123/tools/bin/../lib/gcc/arm-none-eabi/12.3.1/../../../../arm-none-eabi/lib/thumb/v7e-m+fp/hard/libc_nano.a(libc_a-fflush.o)
                0x080088b8                fflush
 .text.std      0x080088e0       0x6c /app/stm32cubeide/plugins/com.st.stm32cube.ide.mcu.externaltools.gnu-tools-for-stm32.12.3.rel1.linux64_1.0.200.202406132123/tools/bin/../lib/gcc/arm-none-eabi/12.3.1/../../../../arm-none-eabi/lib/thumb/v7e-m+fp/hard/libc_nano.a(libc_a-findfp.o)
 .text.stdio_exit_handler
                0x0800894c       0x18 /app/stm32cubeide/plugins/com.st.stm32cube.ide.mcu.externaltools.gnu-tools-for-stm32.12.3.rel1.linux64_1.0.200.202406132123/tools/bin/../lib/gcc/arm-none-eabi/12.3.1/../../../../arm-none-eabi/lib/thumb/v7e-m+fp/hard/libc_nano.a(libc_a-findfp.o)
 .text.cleanup_stdio
                0x08008964       0x40 /app/stm32cubeide/plugins/com.st.stm32cube.ide.mcu.externaltools.gnu-tools-for-stm32.12.3.rel1.linux64_1.0.200.202406132123/tools/bin/../lib/gcc/arm-none-eabi/12.3.1/../../../../arm-none-eabi/lib/thumb/v7e-m+fp/hard/libc_nano.a(libc_a-findfp.o)
 .text.global_stdio_init.part.0
                0x080089a4       0x3c /app/stm32cubeide/plugins/com.st.stm32cube.ide.mcu.externaltools.gnu-tools-for-stm32.12.3.rel1.linux64_1.0.200.202406132123/tools/bin/../lib/gcc/arm-none-eabi/12.3.1/../../../../arm-none-eabi/lib/thumb/v7e-m+fp/hard/libc_nano.a(libc_a-findfp.o)
 .text.__sfp_lock_acquire
                0x080089e0        0xc /app/stm32cubeide/plugins/com.st.stm32cube.ide.mcu.externaltools.gnu-tools-for-stm32.12.3.rel1.linux64_1.0.200.202406132123/tools/bin/../lib/gcc/arm-none-eabi/12.3.1/../../../../arm-none-eabi/lib/thumb/v7e-m+fp/hard/libc_nano.a(libc_a-findfp.o)
                0x080089e0                __sfp_lock_acquire
 .text.__sfp_lock_release
                0x080089ec        0xc /app/stm32cubeide/plugins/com.st.stm32cube.ide.mcu.externaltools.gnu-tools-for-stm32.12.3.rel1.linux64_1.0.200.202406132123/tools/bin/../lib/gcc/arm-none-eabi/12.3.1/../../../../arm-none-eabi/lib/thumb/v7e-m+fp/hard/libc_nano.a(libc_a-findfp.o)
                0x080089ec                __sfp_lock_release
 .text.__sinit  0x080089f8       0x30 /app/stm32cubeide/plugins/com.st.stm32cube.ide.mcu.externaltools.gnu-tools-for-stm32.12.3.rel1.linux64_1.0.200.202406132123/tools/bin/../lib/gcc/arm-none-eabi/12.3.1/../../../../arm-none-eabi/lib/thumb/v7e-m+fp/hard/libc_nano.a(libc_a-findfp.o)
                0x080089f8                __sinit
 .text._fwalk_sglue
                0x08008a28       0x3c /app/stm32cubeide/plugins/com.st.stm32cube.ide.mcu.externaltools.gnu-tools-for-stm32.12.3.rel1.linux64_1.0.200.202406132123/tools/bin/../lib/gcc/arm-none-eabi/12.3.1/../../../../arm-none-eabi/lib/thumb/v7e-m+fp/hard/libc_nano.a(libc_a-fwalk.o)
                0x08008a28                _fwalk_sglue
 .text._puts_r  0x08008a64       0xaa /app/stm32cubeide/plugins/com.st.stm32cube.ide.mcu.externaltools.gnu-tools-for-stm32.12.3.rel1.linux64_1.0.200.202406132123/tools/bin/../lib/gcc/arm-none-eabi/12.3.1/../../../../arm-none-eabi/lib/thumb/v7e-m+fp/hard/libc_nano.a(libc_a-puts.o)
                0x08008a64                _puts_r
 *fill*         0x08008b0e        0x2 
 .text.puts     0x08008b10       0x10 /app/stm32cubeide/plugins/com.st.stm32cube.ide.mcu.externaltools.gnu-tools-for-stm32.12.3.rel1.linux64_1.0.200.202406132123/tools/bin/../lib/gcc/arm-none-eabi/12.3.1/../../../../arm-none-eabi/lib/thumb/v7e-m+fp/hard/libc_nano.a(libc_a-puts.o)
                0x08008b10                puts
 .text.__sread  0x08008b20       0x22 /app/stm32cubeide/plugins/com.st.stm32cube.ide.mcu.externaltools.gnu-tools-for-stm32.12.3.rel1.linux64_1.0.200.202406132123/tools/bin/../lib/gcc/arm-none-eabi/12.3.1/../../../../arm-none-eabi/lib/thumb/v7e-m+fp/hard/libc_nano.a(libc_a-stdio.o)
                0x08008b20                __sread
 .text.__swrite
                0x08008b42       0x38 /app/stm32cubeide/plugins/com.st.stm32cube.ide.mcu.externaltools.gnu-tools-for-stm32.12.3.rel1.linux64_1.0.200.202406132123/tools/bin/../lib/gcc/arm-none-eabi/12.3.1/../../../../arm-none-eabi/lib/thumb/v7e-m+fp/hard/libc_nano.a(libc_a-stdio.o)
                0x08008b42                __swrite
 .text.__sseek  0x08008b7a       0x24 /app/stm32cubeide/plugins/com.st.stm32cube.ide.mcu.externaltools.gnu-tools-for-stm32.12.3.rel1.linux64_1.0.200.202406132123/tools/bin/../lib/gcc/arm-none-eabi/12.3.1/../../../../arm-none-eabi/lib/thumb/v7e-m+fp/hard/libc_nano.a(libc_a-stdio.o)
                0x08008b7a                __sseek
 .text.__sclose
                0x08008b9e        0x8 /app/stm32cubeide/plugins/com.st.stm32cube.ide.mcu.externaltools.gnu-tools-for-stm32.12.3.rel1.linux64_1.0.200.202406132123/tools/bin/../lib/gcc/arm-none-eabi/12.3.1/../../../../arm-none-eabi/lib/thumb/v7e-m+fp/hard/libc_nano.a(libc_a-stdio.o)
                0x08008b9e                __sclose
 .text.__swbuf_r
                0x08008ba6       0x7c /app/stm32cubeide/plugins/com.st.stm32cube.ide.mcu.externaltools.gnu-tools-for-stm32.12.3.rel1.linux64_1.0.200.202406132123/tools/bin/../lib/gcc/arm-none-eabi/12.3.1/../../../../arm-none-eabi/lib/thumb/v7e-m+fp/hard/libc_nano.a(libc_a-wbuf.o)
                0x08008ba6                __swbuf_r
 *fill*         0x08008c22        0x2 
 .text.__swsetup_r
                0x08008c24       0xac /app/stm32cubeide/plugins/com.st.stm32cube.ide.mcu.externaltools.gnu-tools-for-stm32.12.3.rel1.linux64_1.0.200.202406132123/tools/bin/../lib/gcc/arm-none-eabi/12.3.1/../../../../arm-none-eabi/lib/thumb/v7e-m+fp/hard/libc_nano.a(libc_a-wsetup.o)
                0x08008c24                __swsetup_r
 .text.memset   0x08008cd0       0x10 /app/stm32cubeide/plugins/com.st.stm32cube.ide.mcu.externaltools.gnu-tools-for-stm32.12.3.rel1.linux64_1.0.200.202406132123/tools/bin/../lib/gcc/arm-none-eabi/12.3.1/../../../../arm-none-eabi/lib/thumb/v7e-m+fp/hard/libc_nano.a(libc_a-memset.o)
                0x08008cd0                memset
 .text._close_r
                0x08008ce0       0x20 /app/stm32cubeide/plugins/com.st.stm32cube.ide.mcu.externaltools.gnu-tools-for-stm32.12.3.rel1.linux64_1.0.200.202406132123/tools/bin/../lib/gcc/arm-none-eabi/12.3.1/../../../../arm-none-eabi/lib/thumb/v7e-m+fp/hard/libc_nano.a(libc_a-closer.o)
                0x08008ce0                _close_r
 .text._lseek_r
                0x08008d00       0x24 /app/stm32cubeide/plugins/com.st.stm32cube.ide.mcu.externaltools.gnu-tools-for-stm32.12.3.rel1.linux64_1.0.200.202406132123/tools/bin/../lib/gcc/arm-none-eabi/12.3.1/../../../../arm-none-eabi/lib/thumb/v7e-m+fp/hard/libc_nano.a(libc_a-lseekr.o)
                0x08008d00                _lseek_r
 .text._read_r  0x08008d24       0x24 /app/stm32cubeide/plugins/com.st.stm32cube.ide.mcu.externaltools.gnu-tools-for-stm32.12.3.rel1.linux64_1.0.200.202406132123/tools/bin/../lib/gcc/arm-none-eabi/12.3.1/../../../../arm-none-eabi/lib/thumb/v7e-m+fp/hard/libc_nano.a(libc_a-readr.o)
                0x08008d24                _read_r
 .text._write_r
                0x08008d48       0x24 /app/stm32cubeide/plugins/com.st.stm32cube.ide.mcu.externaltools.gnu-tools-for-stm32.12.3.rel1.linux64_1.0.200.202406132123/tools/bin/../lib/gcc/arm-none-eabi/12.3.1/../../../../arm-none-eabi/lib/thumb/v7e-m+fp/hard/libc_nano.a(libc_a-writer.o)
                0x08008d48                _write_r
 .text.__errno  0x08008d6c        0xc /app/stm32cubeide/plugins/com.st.stm32cube.ide.mcu.externaltools.gnu-tools-for-stm32.12.3.rel1.linux64_1.0.200.202406132123/tools/bin/../lib/gcc/arm-none-eabi/12.3.1/../../../../arm-none-eabi/lib/thumb/v7e-m+fp/hard/libc_nano.a(libc_a-errno.o)
                0x08008d6c                __errno
 .text.__libc_init_array
                0x08008d78       0x48 /app/stm32cubeide/plugins/com.st.stm32cube.ide.mcu.externaltools.gnu-tools-for-stm32.12.3.rel1.linux64_1.0.200.202406132123/tools/bin/../lib/gcc/arm-none-eabi/12.3.1/../../../../arm-none-eabi/lib/thumb/v7e-m+fp/hard/libc_nano.a(libc_a-init.o)
                0x08008d78                __libc_init_array
 .text.__retarget_lock_init_recursive
                0x08008dc0        0x2 /app/stm32cubeide/plugins/com.st.stm32cube.ide.mcu.externaltools.gnu-tools-for-stm32.12.3.rel1.linux64_1.0.200.202406132123/tools/bin/../lib/gcc/arm-none-eabi/12.3.1/../../../../arm-none-eabi/lib/thumb/v7e-m+fp/hard/libc_nano.a(libc_a-lock.o)
                0x08008dc0                __retarget_lock_init_recursive
 .text.__retarget_lock_acquire_recursive
                0x08008dc2        0x2 /app/stm32cubeide/plugins/com.st.stm32cube.ide.mcu.externaltools.gnu-tools-for-stm32.12.3.rel1.linux64_1.0.200.202406132123/tools/bin/../lib/gcc/arm-none-eabi/12.3.1/../../../../arm-none-eabi/lib/thumb/v7e-m+fp/hard/libc_nano.a(libc_a-lock.o)
                0x08008dc2                __retarget_lock_acquire_recursive
 .text.__retarget_lock_release_recursive
                0x08008dc4        0x2 /app/stm32cubeide/plugins/com.st.stm32cube.ide.mcu.externaltools.gnu-tools-for-stm32.12.3.rel1.linux64_1.0.200.202406132123/tools/bin/../lib/gcc/arm-none-eabi/12.3.1/../../../../arm-none-eabi/lib/thumb/v7e-m+fp/hard/libc_nano.a(libc_a-lock.o)
                0x08008dc4                __retarget_lock_release_recursive
 *fill*         0x08008dc6        0x2 
 .text._free_r  0x08008dc8       0x94 /app/stm32cubeide/plugins/com.st.stm32cube.ide.mcu.externaltools.gnu-tools-for-stm32.12.3.rel1.linux64_1.0.200.202406132123/tools/bin/../lib/gcc/arm-none-eabi/12.3.1/../../../../arm-none-eabi/lib/thumb/v7e-m+fp/hard/libc_nano.a(libc_a-freer.o)
                0x08008dc8                _free_r
 .text.sbrk_aligned
                0x08008e5c       0x44 /app/stm32cubeide/plugins/com.st.stm32cube.ide.mcu.externaltools.gnu-tools-for-stm32.12.3.rel1.linux64_1.0.200.202406132123/tools/bin/../lib/gcc/arm-none-eabi/12.3.1/../../../../arm-none-eabi/lib/thumb/v7e-m+fp/hard/libc_nano.a(libc_a-mallocr.o)
 .text._malloc_r
                0x08008ea0      0x100 /app/stm32cubeide/plugins/com.st.stm32cube.ide.mcu.externaltools.gnu-tools-for-stm32.12.3.rel1.linux64_1.0.200.202406132123/tools/bin/../lib/gcc/arm-none-eabi/12.3.1/../../../../arm-none-eabi/lib/thumb/v7e-m+fp/hard/libc_nano.a(libc_a-mallocr.o)
                0x08008ea0                _malloc_r
 .text.__malloc_lock
                0x08008fa0        0xc /app/stm32cubeide/plugins/com.st.stm32cube.ide.mcu.externaltools.gnu-tools-for-stm32.12.3.rel1.linux64_1.0.200.202406132123/tools/bin/../lib/gcc/arm-none-eabi/12.3.1/../../../../arm-none-eabi/lib/thumb/v7e-m+fp/hard/libc_nano.a(libc_a-mlock.o)
                0x08008fa0                __malloc_lock
 .text.__malloc_unlock
                0x08008fac        0xc /app/stm32cubeide/plugins/com.st.stm32cube.ide.mcu.externaltools.gnu-tools-for-stm32.12.3.rel1.linux64_1.0.200.202406132123/tools/bin/../lib/gcc/arm-none-eabi/12.3.1/../../../../arm-none-eabi/lib/thumb/v7e-m+fp/hard/libc_nano.a(libc_a-mlock.o)
                0x08008fac                __malloc_unlock
 .text.__swhatbuf_r
                0x08008fb8       0x4c /app/stm32cubeide/plugins/com.st.stm32cube.ide.mcu.externaltools.gnu-tools-for-stm32.12.3.rel1.linux64_1.0.200.202406132123/tools/bin/../lib/gcc/arm-none-eabi/12.3.1/../../../../arm-none-eabi/lib/thumb/v7e-m+fp/hard/libc_nano.a(libc_a-makebuf.o)
                0x08008fb8                __swhatbuf_r
 .text.__smakebuf_r
                0x08009004       0x78 /app/stm32cubeide/plugins/com.st.stm32cube.ide.mcu.externaltools.gnu-tools-for-stm32.12.3.rel1.linux64_1.0.200.202406132123/tools/bin/../lib/gcc/arm-none-eabi/12.3.1/../../../../arm-none-eabi/lib/thumb/v7e-m+fp/hard/libc_nano.a(libc_a-makebuf.o)
                0x08009004                __smakebuf_r
 .text._fstat_r
                0x0800907c       0x24 /app/stm32cubeide/plugins/com.st.stm32cube.ide.mcu.externaltools.gnu-tools-for-stm32.12.3.rel1.linux64_1.0.200.202406132123/tools/bin/../lib/gcc/arm-none-eabi/12.3.1/../../../../arm-none-eabi/lib/thumb/v7e-m+fp/hard/libc_nano.a(libc_a-fstatr.o)
                0x0800907c                _fstat_r
 .text._isatty_r
                0x080090a0       0x20 /app/stm32cubeide/plugins/com.st.stm32cube.ide.mcu.externaltools.gnu-tools-for-stm32.12.3.rel1.linux64_1.0.200.202406132123/tools/bin/../lib/gcc/arm-none-eabi/12.3.1/../../../../arm-none-eabi/lib/thumb/v7e-m+fp/hard/libc_nano.a(libc_a-isattyr.o)
                0x080090a0                _isatty_r
 .text._sbrk_r  0x080090c0       0x20 /app/stm32cubeide/plugins/com.st.stm32cube.ide.mcu.externaltools.gnu-tools-for-stm32.12.3.rel1.linux64_1.0.200.202406132123/tools/bin/../lib/gcc/arm-none-eabi/12.3.1/../../../../arm-none-eabi/lib/thumb/v7e-m+fp/hard/libc_nano.a(libc_a-sbrkr.o)
                0x080090c0                _sbrk_r
 *(.glue_7)
 .glue_7        0x080090e0        0x0 linker stubs
 *(.glue_7t)
 .glue_7t       0x080090e0        0x0 linker stubs
 *(.eh_frame)
 .eh_frame      0x080090e0        0x0 /app/stm32cubeide/plugins/com.st.stm32cube.ide.mcu.externaltools.gnu-tools-for-stm32.12.3.rel1.linux64_1.0.200.202406132123/tools/bin/../lib/gcc/arm-none-eabi/12.3.1/thumb/v7e-m+fp/hard/crtbegin.o
 *(.init)
 .init          0x080090e0        0x4 /app/stm32cubeide/plugins/com.st.stm32cube.ide.mcu.externaltools.gnu-tools-for-stm32.12.3.rel1.linux64_1.0.200.202406132123/tools/bin/../lib/gcc/arm-none-eabi/12.3.1/thumb/v7e-m+fp/hard/crti.o
                0x080090e0                _init
 .init          0x080090e4        0x8 /app/stm32cubeide/plugins/com.st.stm32cube.ide.mcu.externaltools.gnu-tools-for-stm32.12.3.rel1.linux64_1.0.200.202406132123/tools/bin/../lib/gcc/arm-none-eabi/12.3.1/thumb/v7e-m+fp/hard/crtn.o
 *(.fini)
 .fini          0x080090ec        0x4 /app/stm32cubeide/plugins/com.st.stm32cube.ide.mcu.externaltools.gnu-tools-for-stm32.12.3.rel1.linux64_1.0.200.202406132123/tools/bin/../lib/gcc/arm-none-eabi/12.3.1/thumb/v7e-m+fp/hard/crti.o
                0x080090ec                _fini
 .fini          0x080090f0        0x8 /app/stm32cubeide/plugins/com.st.stm32cube.ide.mcu.externaltools.gnu-tools-for-stm32.12.3.rel1.linux64_1.0.200.202406132123/tools/bin/../lib/gcc/arm-none-eabi/12.3.1/thumb/v7e-m+fp/hard/crtn.o
                0x080090f8                        . = ALIGN (0x4)
                0x080090f8                        _etext = .

.vfp11_veneer   0x080090f8        0x0
 .vfp11_veneer  0x080090f8        0x0 linker stubs

.v4_bx          0x080090f8        0x0
 .v4_bx         0x080090f8        0x0 linker stubs

.iplt           0x080090f8        0x0
 .iplt          0x080090f8        0x0 /app/stm32cubeide/plugins/com.st.stm32cube.ide.mcu.externaltools.gnu-tools-for-stm32.12.3.rel1.linux64_1.0.200.202406132123/tools/bin/../lib/gcc/arm-none-eabi/12.3.1/thumb/v7e-m+fp/hard/crtbegin.o

.rodata         0x080090f8      0x13c
                0x080090f8                        . = ALIGN (0x4)
 *(.rodata)
 .rodata        0x080090f8       0x57 ./Core/Src/main.o
 *fill*         0x0800914f        0x1 
 .rodata        0x08009150       0x44 ./Middlewares/Third_Party/FatFs/src/ff.o
 *(.rodata*)
 .rodata.AHBPrescTable
                0x08009194       0x10 ./Core/Src/system_stm32f4xx.o
                0x08009194                AHBPrescTable
 .rodata.APBPrescTable
                0x080091a4        0x8 ./Core/Src/system_stm32f4xx.o
                0x080091a4                APBPrescTable
 .rodata.flagBitshiftOffset.0
                0x080091ac        0x8 ./Drivers/STM32F4xx_HAL_Driver/Src/stm32f4xx_hal_dma.o
 .rodata.ExCvt  0x080091b4       0x80 ./Middlewares/Third_Party/FatFs/src/ff.o
                0x08009234                        . = ALIGN (0x4)

.ARM.extab      0x08009234        0x0
                0x08009234                        . = ALIGN (0x4)
 *(.ARM.extab* .gnu.linkonce.armextab.*)
                0x08009234                        . = ALIGN (0x4)

.ARM            0x08009234        0x8
                0x08009234                        . = ALIGN (0x4)
                0x08009234                        __exidx_start = .
 *(.ARM.exidx*)
 .ARM.exidx     0x08009234        0x8 /app/stm32cubeide/plugins/com.st.stm32cube.ide.mcu.externaltools.gnu-tools-for-stm32.12.3.rel1.linux64_1.0.200.202406132123/tools/bin/../lib/gcc/arm-none-eabi/12.3.1/thumb/v7e-m+fp/hard/libgcc.a(_udivmoddi4.o)
                0x0800923c                        __exidx_end = .
                0x0800923c                        . = ALIGN (0x4)

.preinit_array  0x0800923c        0x0
                0x0800923c                        . = ALIGN (0x4)
                0x0800923c                        PROVIDE (__preinit_array_start = .)
 *(.preinit_array*)
                0x0800923c                        PROVIDE (__preinit_array_end = .)
                0x0800923c                        . = ALIGN (0x4)

.init_array     0x0800923c        0x4
                0x0800923c                        . = ALIGN (0x4)
                0x0800923c                        PROVIDE (__init_array_start = .)
 *(SORT_BY_NAME(.init_array.*))
 *(.init_array*)
 .init_array    0x0800923c        0x4 /app/stm32cubeide/plugins/com.st.stm32cube.ide.mcu.externaltools.gnu-tools-for-stm32.12.3.rel1.linux64_1.0.200.202406132123/tools/bin/../lib/gcc/arm-none-eabi/12.3.1/thumb/v7e-m+fp/hard/crtbegin.o
                0x08009240                        PROVIDE (__init_array_end = .)
                0x08009240                        . = ALIGN (0x4)

.fini_array     0x08009240        0x4
                0x08009240                        . = ALIGN (0x4)
                [!provide]                        PROVIDE (__fini_array_start = .)
 *(SORT_BY_NAME(.fini_array.*))
 *(.fini_array*)
 .fini_array    0x08009240        0x4 /app/stm32cubeide/plugins/com.st.stm32cube.ide.mcu.externaltools.gnu-tools-for-stm32.12.3.rel1.linux64_1.0.200.202406132123/tools/bin/../lib/gcc/arm-none-eabi/12.3.1/thumb/v7e-m+fp/hard/crtbegin.o
                [!provide]                        PROVIDE (__fini_array_end = .)
                0x08009244                        . = ALIGN (0x4)
                0x08009244                        _sidata = LOADADDR (.data)

.rel.dyn        0x08009244        0x0
 .rel.iplt      0x08009244        0x0 /app/stm32cubeide/plugins/com.st.stm32cube.ide.mcu.externaltools.gnu-tools-for-stm32.12.3.rel1.linux64_1.0.200.202406132123/tools/bin/../lib/gcc/arm-none-eabi/12.3.1/thumb/v7e-m+fp/hard/crtbegin.o

.data           0x20000000       0x80 load address 0x08009244
                0x20000000                        . = ALIGN (0x4)
                0x20000000                        _sdata = .
 *(.data)
 *(.data*)
 .data.Stat     0x20000000        0x1 ./Core/Src/fatfs_sd.o
 *fill*         0x20000001        0x3 
 .data.SystemCoreClock
                0x20000004        0x4 ./Core/Src/system_stm32f4xx.o
                0x20000004                SystemCoreClock
 .data.uwTickPrio
                0x20000008        0x4 ./Drivers/STM32F4xx_HAL_Driver/Src/stm32f4xx_hal.o
                0x20000008                uwTickPrio
 .data.uwTickFreq
                0x2000000c        0x1 ./Drivers/STM32F4xx_HAL_Driver/Src/stm32f4xx_hal.o
                0x2000000c                uwTickFreq
 *fill*         0x2000000d        0x3 
 .data.USER_Driver
                0x20000010       0x14 ./FATFS/Target/user_diskio.o
                0x20000010                USER_Driver
 .data.__sglue  0x20000024        0xc /app/stm32cubeide/plugins/com.st.stm32cube.ide.mcu.externaltools.gnu-tools-for-stm32.12.3.rel1.linux64_1.0.200.202406132123/tools/bin/../lib/gcc/arm-none-eabi/12.3.1/../../../../arm-none-eabi/lib/thumb/v7e-m+fp/hard/libc_nano.a(libc_a-findfp.o)
                0x20000024                __sglue
 .data._impure_ptr
                0x20000030        0x4 /app/stm32cubeide/plugins/com.st.stm32cube.ide.mcu.externaltools.gnu-tools-for-stm32.12.3.rel1.linux64_1.0.200.202406132123/tools/bin/../lib/gcc/arm-none-eabi/12.3.1/../../../../arm-none-eabi/lib/thumb/v7e-m+fp/hard/libc_nano.a(libc_a-impure.o)
                0x20000030                _impure_ptr
 .data._impure_data
                0x20000034       0x4c /app/stm32cubeide/plugins/com.st.stm32cube.ide.mcu.externaltools.gnu-tools-for-stm32.12.3.rel1.linux64_1.0.200.202406132123/tools/bin/../lib/gcc/arm-none-eabi/12.3.1/../../../../arm-none-eabi/lib/thumb/v7e-m+fp/hard/libc_nano.a(libc_a-impure.o)
                0x20000034                _impure_data
 *(.RamFunc)
 *(.RamFunc*)
                0x20000080                        . = ALIGN (0x4)
                0x20000080                        _edata = .

.igot.plt       0x20000080        0x0 load address 0x080092c4
 .igot.plt      0x20000080        0x0 /app/stm32cubeide/plugins/com.st.stm32cube.ide.mcu.externaltools.gnu-tools-for-stm32.12.3.rel1.linux64_1.0.200.202406132123/tools/bin/../lib/gcc/arm-none-eabi/12.3.1/thumb/v7e-m+fp/hard/crtbegin.o
                0x20000080                        . = ALIGN (0x4)

.bss            0x20000080     0x46c4 load address 0x080092c4
                0x20000080                        _sbss = .
                0x20000080                        __bss_start__ = _sbss
 *(.bss)
 .bss           0x20000080       0x1c /app/stm32cubeide/plugins/com.st.stm32cube.ide.mcu.externaltools.gnu-tools-for-stm32.12.3.rel1.linux64_1.0.200.202406132123/tools/bin/../lib/gcc/arm-none-eabi/12.3.1/thumb/v7e-m+fp/hard/crtbegin.o
 *(.bss*)
 .bss.CardType  0x2000009c        0x1 ./Core/Src/fatfs_sd.o
 .bss.PowerFlag
                0x2000009d        0x1 ./Core/Src/fatfs_sd.o
 *fill*         0x2000009e        0x2 
 .bss.hadc1     0x200000a0       0x48 ./Core/Src/main.o
                0x200000a0                hadc1
 .bss.hi2s3     0x200000e8       0x48 ./Core/Src/main.o
                0x200000e8                hi2s3
 .bss.hdma_spi3_tx
                0x20000130       0x60 ./Core/Src/main.o
                0x20000130                hdma_spi3_tx
 .bss.hspi2     0x20000190       0x58 ./Core/Src/main.o
                0x20000190                hspi2
 .bss.htim1     0x200001e8       0x48 ./Core/Src/main.o
                0x200001e8                htim1
 .bss.htim2     0x20000230       0x48 ./Core/Src/main.o
                0x20000230                htim2
 .bss.huart2    0x20000278       0x48 ./Core/Src/main.o
                0x20000278                huart2
 .bss.fs        0x200002c0      0x230 ./Core/Src/main.o
                0x200002c0                fs
 .bss.fil       0x200004f0      0x230 ./Core/Src/main.o
                0x200004f0                fil
 .bss.fresult   0x20000720        0x1 ./Core/Src/main.o
                0x20000720                fresult
 *fill*         0x20000721        0x3 
 .bss.samples   0x20000724     0x3e80 ./Core/Src/main.o
                0x20000724                samples
 .bss.fread_size
                0x200045a4        0x4 ./Core/Src/main.o
                0x200045a4                fread_size
 .bss.recording_size
                0x200045a8        0x4 ./Core/Src/main.o
                0x200045a8                recording_size
 .bss.played_size
                0x200045ac        0x4 ./Core/Src/main.o
                0x200045ac                played_size
 .bss.callback_result
                0x200045b0        0x1 ./Core/Src/main.o
                0x200045b0                callback_result
 .bss.FatFsCnt  0x200045b1        0x1 ./Core/Src/stm32f4xx_it.o
                0x200045b1                FatFsCnt
 .bss.Timer1    0x200045b2        0x1 ./Core/Src/stm32f4xx_it.o
                0x200045b2                Timer1
 .bss.Timer2    0x200045b3        0x1 ./Core/Src/stm32f4xx_it.o
                0x200045b3                Timer2
 .bss.__sbrk_heap_end
                0x200045b4        0x4 ./Core/Src/sysmem.o
 .bss.uwTick    0x200045b8        0x4 ./Drivers/STM32F4xx_HAL_Driver/Src/stm32f4xx_hal.o
                0x200045b8                uwTick
 .bss.retUSER   0x200045bc        0x1 ./FATFS/App/fatfs.o
                0x200045bc                retUSER
 *fill*         0x200045bd        0x3 
 .bss.USERPath  0x200045c0        0x4 ./FATFS/App/fatfs.o
                0x200045c0                USERPath
 .bss.FatFs     0x200045c4        0x4 ./Middlewares/Third_Party/FatFs/src/ff.o
 .bss.Fsid      0x200045c8        0x2 ./Middlewares/Third_Party/FatFs/src/ff.o
 *fill*         0x200045ca        0x2 
 .bss.Files     0x200045cc       0x20 ./Middlewares/Third_Party/FatFs/src/ff.o
 .bss.disk      0x200045ec        0xc ./Middlewares/Third_Party/FatFs/src/ff_gen_drv.o
                0x200045ec                disk
 .bss.__sf      0x200045f8      0x138 /app/stm32cubeide/plugins/com.st.stm32cube.ide.mcu.externaltools.gnu-tools-for-stm32.12.3.rel1.linux64_1.0.200.202406132123/tools/bin/../lib/gcc/arm-none-eabi/12.3.1/../../../../arm-none-eabi/lib/thumb/v7e-m+fp/hard/libc_nano.a(libc_a-findfp.o)
                0x200045f8                __sf
 .bss.__stdio_exit_handler
                0x20004730        0x4 /app/stm32cubeide/plugins/com.st.stm32cube.ide.mcu.externaltools.gnu-tools-for-stm32.12.3.rel1.linux64_1.0.200.202406132123/tools/bin/../lib/gcc/arm-none-eabi/12.3.1/../../../../arm-none-eabi/lib/thumb/v7e-m+fp/hard/libc_nano.a(libc_a-findfp.o)
                0x20004730                __stdio_exit_handler
 .bss.errno     0x20004734        0x4 /app/stm32cubeide/plugins/com.st.stm32cube.ide.mcu.externaltools.gnu-tools-for-stm32.12.3.rel1.linux64_1.0.200.202406132123/tools/bin/../lib/gcc/arm-none-eabi/12.3.1/../../../../arm-none-eabi/lib/thumb/v7e-m+fp/hard/libc_nano.a(libc_a-reent.o)
                0x20004734                errno
 .bss.__lock___malloc_recursive_mutex
                0x20004738        0x1 /app/stm32cubeide/plugins/com.st.stm32cube.ide.mcu.externaltools.gnu-tools-for-stm32.12.3.rel1.linux64_1.0.200.202406132123/tools/bin/../lib/gcc/arm-none-eabi/12.3.1/../../../../arm-none-eabi/lib/thumb/v7e-m+fp/hard/libc_nano.a(libc_a-lock.o)
                0x20004738                __lock___malloc_recursive_mutex
 .bss.__lock___sfp_recursive_mutex
                0x20004739        0x1 /app/stm32cubeide/plugins/com.st.stm32cube.ide.mcu.externaltools.gnu-tools-for-stm32.12.3.rel1.linux64_1.0.200.202406132123/tools/bin/../lib/gcc/arm-none-eabi/12.3.1/../../../../arm-none-eabi/lib/thumb/v7e-m+fp/hard/libc_nano.a(libc_a-lock.o)
                0x20004739                __lock___sfp_recursive_mutex
 *fill*         0x2000473a        0x2 
 .bss.__malloc_sbrk_start
                0x2000473c        0x4 /app/stm32cubeide/plugins/com.st.stm32cube.ide.mcu.externaltools.gnu-tools-for-stm32.12.3.rel1.linux64_1.0.200.202406132123/tools/bin/../lib/gcc/arm-none-eabi/12.3.1/../../../../arm-none-eabi/lib/thumb/v7e-m+fp/hard/libc_nano.a(libc_a-mallocr.o)
                0x2000473c                __malloc_sbrk_start
 .bss.__malloc_free_list
                0x20004740        0x4 /app/stm32cubeide/plugins/com.st.stm32cube.ide.mcu.externaltools.gnu-tools-for-stm32.12.3.rel1.linux64_1.0.200.202406132123/tools/bin/../lib/gcc/arm-none-eabi/12.3.1/../../../../arm-none-eabi/lib/thumb/v7e-m+fp/hard/libc_nano.a(libc_a-mallocr.o)
                0x20004740                __malloc_free_list
 *(COMMON)
                0x20004744                        . = ALIGN (0x4)
                0x20004744                        _ebss = .
                0x20004744                        __bss_end__ = _ebss

._user_heap_stack
                0x20004744      0x604 load address 0x080092c4
                0x20004748                        . = ALIGN (0x8)
 *fill*         0x20004744        0x4 
                [!provide]                        PROVIDE (end = .)
                0x20004748                        PROVIDE (_end = .)
                0x20004948                        . = (. + _Min_Heap_Size)
 *fill*         0x20004748      0x200 
                0x20004d48                        . = (. + _Min_Stack_Size)
 *fill*         0x20004948      0x400 
                0x20004d48                        . = ALIGN (0x8)

/DISCARD/
 libc.a(*)
 libm.a(*)
 libgcc.a(*)

.ARM.attributes
                0x00000000       0x30
 *(.ARM.attributes)
 .ARM.attributes
                0x00000000       0x22 /app/stm32cubeide/plugins/com.st.stm32cube.ide.mcu.externaltools.gnu-tools-for-stm32.12.3.rel1.linux64_1.0.200.202406132123/tools/bin/../lib/gcc/arm-none-eabi/12.3.1/thumb/v7e-m+fp/hard/crti.o
 .ARM.attributes
                0x00000022       0x34 /app/stm32cubeide/plugins/com.st.stm32cube.ide.mcu.externaltools.gnu-tools-for-stm32.12.3.rel1.linux64_1.0.200.202406132123/tools/bin/../lib/gcc/arm-none-eabi/12.3.1/thumb/v7e-m+fp/hard/crtbegin.o
 .ARM.attributes
                0x00000056       0x34 ./Core/Src/fatfs_sd.o
 .ARM.attributes
                0x0000008a       0x34 ./Core/Src/main.o
 .ARM.attributes
                0x000000be       0x34 ./Core/Src/stm32f4xx_hal_msp.o
 .ARM.attributes
                0x000000f2       0x34 ./Core/Src/stm32f4xx_it.o
 .ARM.attributes
                0x00000126       0x34 ./Core/Src/syscalls.o
 .ARM.attributes
                0x0000015a       0x34 ./Core/Src/sysmem.o
 .ARM.attributes
                0x0000018e       0x34 ./Core/Src/system_stm32f4xx.o
 .ARM.attributes
                0x000001c2       0x21 ./Core/Startup/startup_stm32f401retx.o
 .ARM.attributes
                0x000001e3       0x34 ./Drivers/STM32F4xx_HAL_Driver/Src/stm32f4xx_hal.o
 .ARM.attributes
                0x00000217       0x34 ./Drivers/STM32F4xx_HAL_Driver/Src/stm32f4xx_hal_adc.o
 .ARM.attributes
                0x0000024b       0x34 ./Drivers/STM32F4xx_HAL_Driver/Src/stm32f4xx_hal_cortex.o
 .ARM.attributes
                0x0000027f       0x34 ./Drivers/STM32F4xx_HAL_Driver/Src/stm32f4xx_hal_dma.o
 .ARM.attributes
                0x000002b3       0x34 ./Drivers/STM32F4xx_HAL_Driver/Src/stm32f4xx_hal_gpio.o
 .ARM.attributes
                0x000002e7       0x34 ./Drivers/STM32F4xx_HAL_Driver/Src/stm32f4xx_hal_i2s.o
 .ARM.attributes
                0x0000031b       0x34 ./Drivers/STM32F4xx_HAL_Driver/Src/stm32f4xx_hal_i2s_ex.o
 .ARM.attributes
                0x0000034f       0x34 ./Drivers/STM32F4xx_HAL_Driver/Src/stm32f4xx_hal_rcc.o
 .ARM.attributes
                0x00000383       0x34 ./Drivers/STM32F4xx_HAL_Driver/Src/stm32f4xx_hal_rcc_ex.o
 .ARM.attributes
                0x000003b7       0x34 ./Drivers/STM32F4xx_HAL_Driver/Src/stm32f4xx_hal_spi.o
 .ARM.attributes
                0x000003eb       0x34 ./Drivers/STM32F4xx_HAL_Driver/Src/stm32f4xx_hal_tim.o
 .ARM.attributes
                0x0000041f       0x34 ./Drivers/STM32F4xx_HAL_Driver/Src/stm32f4xx_hal_tim_ex.o
 .ARM.attributes
                0x00000453       0x34 ./Drivers/STM32F4xx_HAL_Driver/Src/stm32f4xx_hal_uart.o
 .ARM.attributes
                0x00000487       0x34 ./FATFS/App/fatfs.o
 .ARM.attributes
                0x000004bb       0x34 ./FATFS/Target/user_diskio.o
 .ARM.attributes
                0x000004ef       0x34 ./Middlewares/Third_Party/FatFs/src/diskio.o
 .ARM.attributes
                0x00000523       0x34 ./Middlewares/Third_Party/FatFs/src/ff.o
 .ARM.attributes
                0x00000557       0x34 ./Middlewares/Third_Party/FatFs/src/ff_gen_drv.o
 .ARM.attributes
                0x0000058b       0x34 /app/stm32cubeide/plugins/com.st.stm32cube.ide.mcu.externaltools.gnu-tools-for-stm32.12.3.rel1.linux64_1.0.200.202406132123/tools/bin/../lib/gcc/arm-none-eabi/12.3.1/../../../../arm-none-eabi/lib/thumb/v7e-m+fp/hard/libc_nano.a(libc_a-fflush.o)
 .ARM.attributes
                0x000005bf       0x34 /app/stm32cubeide/plugins/com.st.stm32cube.ide.mcu.externaltools.gnu-tools-for-stm32.12.3.rel1.linux64_1.0.200.202406132123/tools/bin/../lib/gcc/arm-none-eabi/12.3.1/../../../../arm-none-eabi/lib/thumb/v7e-m+fp/hard/libc_nano.a(libc_a-findfp.o)
 .ARM.attributes
                0x000005f3       0x34 /app/stm32cubeide/plugins/com.st.stm32cube.ide.mcu.externaltools.gnu-tools-for-stm32.12.3.rel1.linux64_1.0.200.202406132123/tools/bin/../lib/gcc/arm-none-eabi/12.3.1/../../../../arm-none-eabi/lib/thumb/v7e-m+fp/hard/libc_nano.a(libc_a-fwalk.o)
 .ARM.attributes
                0x00000627       0x34 /app/stm32cubeide/plugins/com.st.stm32cube.ide.mcu.externaltools.gnu-tools-for-stm32.12.3.rel1.linux64_1.0.200.202406132123/tools/bin/../lib/gcc/arm-none-eabi/12.3.1/../../../../arm-none-eabi/lib/thumb/v7e-m+fp/hard/libc_nano.a(libc_a-puts.o)
 .ARM.attributes
                0x0000065b       0x34 /app/stm32cubeide/plugins/com.st.stm32cube.ide.mcu.externaltools.gnu-tools-for-stm32.12.3.rel1.linux64_1.0.200.202406132123/tools/bin/../lib/gcc/arm-none-eabi/12.3.1/../../../../arm-none-eabi/lib/thumb/v7e-m+fp/hard/libc_nano.a(libc_a-stdio.o)
 .ARM.attributes
                0x0000068f       0x34 /app/stm32cubeide/plugins/com.st.stm32cube.ide.mcu.externaltools.gnu-tools-for-stm32.12.3.rel1.linux64_1.0.200.202406132123/tools/bin/../lib/gcc/arm-none-eabi/12.3.1/../../../../arm-none-eabi/lib/thumb/v7e-m+fp/hard/libc_nano.a(libc_a-wbuf.o)
 .ARM.attributes
                0x000006c3       0x34 /app/stm32cubeide/plugins/com.st.stm32cube.ide.mcu.externaltools.gnu-tools-for-stm32.12.3.rel1.linux64_1.0.200.202406132123/tools/bin/../lib/gcc/arm-none-eabi/12.3.1/../../../../arm-none-eabi/lib/thumb/v7e-m+fp/hard/libc_nano.a(libc_a-wsetup.o)
 .ARM.attributes
                0x000006f7       0x34 /app/stm32cubeide/plugins/com.st.stm32cube.ide.mcu.externaltools.gnu-tools-for-stm32.12.3.rel1.linux64_1.0.200.202406132123/tools/bin/../lib/gcc/arm-none-eabi/12.3.1/../../../../arm-none-eabi/lib/thumb/v7e-m+fp/hard/libc_nano.a(libc_a-memset.o)
 .ARM.attributes
                0x0000072b       0x34 /app/stm32cubeide/plugins/com.st.stm32cube.ide.mcu.externaltools.gnu-tools-for-stm32.12.3.rel1.linux64_1.0.200.202406132123/tools/bin/../lib/gcc/arm-none-eabi/12.3.1/../../../../arm-none-eabi/lib/thumb/v7e-m+fp/hard/libc_nano.a(libc_a-closer.o)
 .ARM.attributes
                0x0000075f       0x34 /app/stm32cubeide/plugins/com.st.stm32cube.ide.mcu.externaltools.gnu-tools-for-stm32.12.3.rel1.linux64_1.0.200.202406132123/tools/bin/../lib/gcc/arm-none-eabi/12.3.1/../../../../arm-none-eabi/lib/thumb/v7e-m+fp/hard/libc_nano.a(libc_a-reent.o)
 .ARM.attributes
                0x00000793       0x34 /app/stm32cubeide/plugins/com.st.stm32cube.ide.mcu.externaltools.gnu-tools-for-stm32.12.3.rel1.linux64_1.0.200.202406132123/tools/bin/../lib/gcc/arm-none-eabi/12.3.1/../../../../arm-none-eabi/lib/thumb/v7e-m+fp/hard/libc_nano.a(libc_a-impure.o)
 .ARM.attributes
                0x000007c7       0x34 /app/stm32cubeide/plugins/com.st.stm32cube.ide.mcu.externaltools.gnu-tools-for-stm32.12.3.rel1.linux64_1.0.200.202406132123/tools/bin/../lib/gcc/arm-none-eabi/12.3.1/../../../../arm-none-eabi/lib/thumb/v7e-m+fp/hard/libc_nano.a(libc_a-lseekr.o)
 .ARM.attributes
                0x000007fb       0x34 /app/stm32cubeide/plugins/com.st.stm32cube.ide.mcu.externaltools.gnu-tools-for-stm32.12.3.rel1.linux64_1.0.200.202406132123/tools/bin/../lib/gcc/arm-none-eabi/12.3.1/../../../../arm-none-eabi/lib/thumb/v7e-m+fp/hard/libc_nano.a(libc_a-readr.o)
 .ARM.attributes
                0x0000082f       0x34 /app/stm32cubeide/plugins/com.st.stm32cube.ide.mcu.externaltools.gnu-tools-for-stm32.12.3.rel1.linux64_1.0.200.202406132123/tools/bin/../lib/gcc/arm-none-eabi/12.3.1/../../../../arm-none-eabi/lib/thumb/v7e-m+fp/hard/libc_nano.a(libc_a-writer.o)
 .ARM.attributes
                0x00000863       0x34 /app/stm32cubeide/plugins/com.st.stm32cube.ide.mcu.externaltools.gnu-tools-for-stm32.12.3.rel1.linux64_1.0.200.202406132123/tools/bin/../lib/gcc/arm-none-eabi/12.3.1/../../../../arm-none-eabi/lib/thumb/v7e-m+fp/hard/libc_nano.a(libc_a-errno.o)
 .ARM.attributes
                0x00000897       0x34 /app/stm32cubeide/plugins/com.st.stm32cube.ide.mcu.externaltools.gnu-tools-for-stm32.12.3.rel1.linux64_1.0.200.202406132123/tools/bin/../lib/gcc/arm-none-eabi/12.3.1/../../../../arm-none-eabi/lib/thumb/v7e-m+fp/hard/libc_nano.a(libc_a-init.o)
 .ARM.attributes
                0x000008cb       0x34 /app/stm32cubeide/plugins/com.st.stm32cube.ide.mcu.externaltools.gnu-tools-for-stm32.12.3.rel1.linux64_1.0.200.202406132123/tools/bin/../lib/gcc/arm-none-eabi/12.3.1/../../../../arm-none-eabi/lib/thumb/v7e-m+fp/hard/libc_nano.a(libc_a-lock.o)
 .ARM.attributes
                0x000008ff       0x34 /app/stm32cubeide/plugins/com.st.stm32cube.ide.mcu.externaltools.gnu-tools-for-stm32.12.3.rel1.linux64_1.0.200.202406132123/tools/bin/../lib/gcc/arm-none-eabi/12.3.1/../../../../arm-none-eabi/lib/thumb/v7e-m+fp/hard/libc_nano.a(libc_a-freer.o)
 .ARM.attributes
                0x00000933       0x34 /app/stm32cubeide/plugins/com.st.stm32cube.ide.mcu.externaltools.gnu-tools-for-stm32.12.3.rel1.linux64_1.0.200.202406132123/tools/bin/../lib/gcc/arm-none-eabi/12.3.1/../../../../arm-none-eabi/lib/thumb/v7e-m+fp/hard/libc_nano.a(libc_a-mallocr.o)
 .ARM.attributes
                0x00000967       0x34 /app/stm32cubeide/plugins/com.st.stm32cube.ide.mcu.externaltools.gnu-tools-for-stm32.12.3.rel1.linux64_1.0.200.202406132123/tools/bin/../lib/gcc/arm-none-eabi/12.3.1/../../../../arm-none-eabi/lib/thumb/v7e-m+fp/hard/libc_nano.a(libc_a-mlock.o)
 .ARM.attributes
                0x0000099b       0x34 /app/stm32cubeide/plugins/com.st.stm32cube.ide.mcu.externaltools.gnu-tools-for-stm32.12.3.rel1.linux64_1.0.200.202406132123/tools/bin/../lib/gcc/arm-none-eabi/12.3.1/../../../../arm-none-eabi/lib/thumb/v7e-m+fp/hard/libc_nano.a(libc_a-makebuf.o)
 .ARM.attributes
                0x000009cf       0x34 /app/stm32cubeide/plugins/com.st.stm32cube.ide.mcu.externaltools.gnu-tools-for-stm32.12.3.rel1.linux64_1.0.200.202406132123/tools/bin/../lib/gcc/arm-none-eabi/12.3.1/../../../../arm-none-eabi/lib/thumb/v7e-m+fp/hard/libc_nano.a(libc_a-fstatr.o)
 .ARM.attributes
                0x00000a03       0x34 /app/stm32cubeide/plugins/com.st.stm32cube.ide.mcu.externaltools.gnu-tools-for-stm32.12.3.rel1.linux64_1.0.200.202406132123/tools/bin/../lib/gcc/arm-none-eabi/12.3.1/../../../../arm-none-eabi/lib/thumb/v7e-m+fp/hard/libc_nano.a(libc_a-isattyr.o)
 .ARM.attributes
                0x00000a37       0x34 /app/stm32cubeide/plugins/com.st.stm32cube.ide.mcu.externaltools.gnu-tools-for-stm32.12.3.rel1.linux64_1.0.200.202406132123/tools/bin/../lib/gcc/arm-none-eabi/12.3.1/../../../../arm-none-eabi/lib/thumb/v7e-m+fp/hard/libc_nano.a(libc_a-sbrkr.o)
 .ARM.attributes
                0x00000a6b       0x22 /app/stm32cubeide/plugins/com.st.stm32cube.ide.mcu.externaltools.gnu-tools-for-stm32.12.3.rel1.linux64_1.0.200.202406132123/tools/bin/../lib/gcc/arm-none-eabi/12.3.1/thumb/v7e-m+fp/hard/libgcc.a(_aeabi_uldivmod.o)
 .ARM.attributes
                0x00000a8d       0x34 /app/stm32cubeide/plugins/com.st.stm32cube.ide.mcu.externaltools.gnu-tools-for-stm32.12.3.rel1.linux64_1.0.200.202406132123/tools/bin/../lib/gcc/arm-none-eabi/12.3.1/thumb/v7e-m+fp/hard/libgcc.a(_udivmoddi4.o)
 .ARM.attributes
                0x00000ac1       0x22 /app/stm32cubeide/plugins/com.st.stm32cube.ide.mcu.externaltools.gnu-tools-for-stm32.12.3.rel1.linux64_1.0.200.202406132123/tools/bin/../lib/gcc/arm-none-eabi/12.3.1/thumb/v7e-m+fp/hard/libgcc.a(_dvmd_tls.o)
 .ARM.attributes
                0x00000ae3       0x22 /app/stm32cubeide/plugins/com.st.stm32cube.ide.mcu.externaltools.gnu-tools-for-stm32.12.3.rel1.linux64_1.0.200.202406132123/tools/bin/../lib/gcc/arm-none-eabi/12.3.1/thumb/v7e-m+fp/hard/crtn.o
OUTPUT(panic_wearable.elf elf32-littlearm)
LOAD linker stubs
LOAD /app/stm32cubeide/plugins/com.st.stm32cube.ide.mcu.externaltools.gnu-tools-for-stm32.12.3.rel1.linux64_1.0.200.202406132123/tools/bin/../lib/gcc/arm-none-eabi/12.3.1/../../../../arm-none-eabi/lib/thumb/v7e-m+fp/hard/libc.a
LOAD /app/stm32cubeide/plugins/com.st.stm32cube.ide.mcu.externaltools.gnu-tools-for-stm32.12.3.rel1.linux64_1.0.200.202406132123/tools/bin/../lib/gcc/arm-none-eabi/12.3.1/../../../../arm-none-eabi/lib/thumb/v7e-m+fp/hard/libm.a
LOAD /app/stm32cubeide/plugins/com.st.stm32cube.ide.mcu.externaltools.gnu-tools-for-stm32.12.3.rel1.linux64_1.0.200.202406132123/tools/bin/../lib/gcc/arm-none-eabi/12.3.1/thumb/v7e-m+fp/hard/libgcc.a

.debug_info     0x00000000    0x16d32
 .debug_info    0x00000000      0xc31 ./Core/Src/fatfs_sd.o
 .debug_info    0x00000c31     0x29f5 ./Core/Src/main.o
 .debug_info    0x00003626     0x1711 ./Core/Src/stm32f4xx_hal_msp.o
 .debug_info    0x00004d37      0x41f ./Core/Src/stm32f4xx_it.o
 .debug_info    0x00005156      0x6eb ./Core/Src/syscalls.o
 .debug_info    0x00005841      0x168 ./Core/Src/sysmem.o
 .debug_info    0x000059a9      0x53e ./Core/Src/system_stm32f4xx.o
 .debug_info    0x00005ee7       0x30 ./Core/Startup/startup_stm32f401retx.o
 .debug_info    0x00005f17      0x8bb ./Drivers/STM32F4xx_HAL_Driver/Src/stm32f4xx_hal.o
 .debug_info    0x000067d2      0xcd1 ./Drivers/STM32F4xx_HAL_Driver/Src/stm32f4xx_hal_adc.o
 .debug_info    0x000074a3      0xcf6 ./Drivers/STM32F4xx_HAL_Driver/Src/stm32f4xx_hal_cortex.o
 .debug_info    0x00008199      0x8e6 ./Drivers/STM32F4xx_HAL_Driver/Src/stm32f4xx_hal_dma.o
 .debug_info    0x00008a7f      0x6f9 ./Drivers/STM32F4xx_HAL_Driver/Src/stm32f4xx_hal_gpio.o
 .debug_info    0x00009178      0xdfd ./Drivers/STM32F4xx_HAL_Driver/Src/stm32f4xx_hal_i2s.o
 .debug_info    0x00009f75      0xaa4 ./Drivers/STM32F4xx_HAL_Driver/Src/stm32f4xx_hal_i2s_ex.o
 .debug_info    0x0000aa19      0x8f1 ./Drivers/STM32F4xx_HAL_Driver/Src/stm32f4xx_hal_rcc.o
 .debug_info    0x0000b30a      0x570 ./Drivers/STM32F4xx_HAL_Driver/Src/stm32f4xx_hal_rcc_ex.o
 .debug_info    0x0000b87a     0x1530 ./Drivers/STM32F4xx_HAL_Driver/Src/stm32f4xx_hal_spi.o
 .debug_info    0x0000cdaa     0x2996 ./Drivers/STM32F4xx_HAL_Driver/Src/stm32f4xx_hal_tim.o
 .debug_info    0x0000f740     0x14d4 ./Drivers/STM32F4xx_HAL_Driver/Src/stm32f4xx_hal_tim_ex.o
 .debug_info    0x00010c14     0x2f56 ./Drivers/STM32F4xx_HAL_Driver/Src/stm32f4xx_hal_uart.o
 .debug_info    0x00013b6a      0x4d9 ./FATFS/App/fatfs.o
 .debug_info    0x00014043      0x3b4 ./FATFS/Target/user_diskio.o
 .debug_info    0x000143f7      0x3df ./Middlewares/Third_Party/FatFs/src/diskio.o
 .debug_info    0x000147d6     0x21dd ./Middlewares/Third_Party/FatFs/src/ff.o
 .debug_info    0x000169b3      0x37f ./Middlewares/Third_Party/FatFs/src/ff_gen_drv.o

.debug_abbrev   0x00000000     0x3665
 .debug_abbrev  0x00000000      0x2da ./Core/Src/fatfs_sd.o
 .debug_abbrev  0x000002da      0x429 ./Core/Src/main.o
 .debug_abbrev  0x00000703      0x270 ./Core/Src/stm32f4xx_hal_msp.o
 .debug_abbrev  0x00000973      0x14c ./Core/Src/stm32f4xx_it.o
 .debug_abbrev  0x00000abf      0x1d1 ./Core/Src/syscalls.o
 .debug_abbrev  0x00000c90       0xbc ./Core/Src/sysmem.o
 .debug_abbrev  0x00000d4c      0x11a ./Core/Src/system_stm32f4xx.o
 .debug_abbrev  0x00000e66       0x24 ./Core/Startup/startup_stm32f401retx.o
 .debug_abbrev  0x00000e8a      0x24b ./Drivers/STM32F4xx_HAL_Driver/Src/stm32f4xx_hal.o
 .debug_abbrev  0x000010d5      0x20e ./Drivers/STM32F4xx_HAL_Driver/Src/stm32f4xx_hal_adc.o
 .debug_abbrev  0x000012e3      0x31d ./Drivers/STM32F4xx_HAL_Driver/Src/stm32f4xx_hal_cortex.o
 .debug_abbrev  0x00001600      0x221 ./Drivers/STM32F4xx_HAL_Driver/Src/stm32f4xx_hal_dma.o
 .debug_abbrev  0x00001821      0x1d3 ./Drivers/STM32F4xx_HAL_Driver/Src/stm32f4xx_hal_gpio.o
 .debug_abbrev  0x000019f4      0x265 ./Drivers/STM32F4xx_HAL_Driver/Src/stm32f4xx_hal_i2s.o
 .debug_abbrev  0x00001c59      0x285 ./Drivers/STM32F4xx_HAL_Driver/Src/stm32f4xx_hal_i2s_ex.o
 .debug_abbrev  0x00001ede      0x2b6 ./Drivers/STM32F4xx_HAL_Driver/Src/stm32f4xx_hal_rcc.o
 .debug_abbrev  0x00002194      0x1b0 ./Drivers/STM32F4xx_HAL_Driver/Src/stm32f4xx_hal_rcc_ex.o
 .debug_abbrev  0x00002344      0x276 ./Drivers/STM32F4xx_HAL_Driver/Src/stm32f4xx_hal_spi.o
 .debug_abbrev  0x000025ba      0x28b ./Drivers/STM32F4xx_HAL_Driver/Src/stm32f4xx_hal_tim.o
 .debug_abbrev  0x00002845      0x296 ./Drivers/STM32F4xx_HAL_Driver/Src/stm32f4xx_hal_tim_ex.o
 .debug_abbrev  0x00002adb      0x31b ./Drivers/STM32F4xx_HAL_Driver/Src/stm32f4xx_hal_uart.o
 .debug_abbrev  0x00002df6      0x160 ./FATFS/App/fatfs.o
 .debug_abbrev  0x00002f56      0x16d ./FATFS/Target/user_diskio.o
 .debug_abbrev  0x000030c3      0x181 ./Middlewares/Third_Party/FatFs/src/diskio.o
 .debug_abbrev  0x00003244      0x282 ./Middlewares/Third_Party/FatFs/src/ff.o
 .debug_abbrev  0x000034c6      0x19f ./Middlewares/Third_Party/FatFs/src/ff_gen_drv.o

.debug_aranges  0x00000000     0x1598
 .debug_aranges
                0x00000000       0xa8 ./Core/Src/fatfs_sd.o
 .debug_aranges
                0x000000a8       0x90 ./Core/Src/main.o
 .debug_aranges
                0x00000138       0x78 ./Core/Src/stm32f4xx_hal_msp.o
 .debug_aranges
                0x000001b0       0x70 ./Core/Src/stm32f4xx_it.o
 .debug_aranges
                0x00000220       0xb0 ./Core/Src/syscalls.o
 .debug_aranges
                0x000002d0       0x20 ./Core/Src/sysmem.o
 .debug_aranges
                0x000002f0       0x28 ./Core/Src/system_stm32f4xx.o
 .debug_aranges
                0x00000318       0x28 ./Core/Startup/startup_stm32f401retx.o
 .debug_aranges
                0x00000340       0xf0 ./Drivers/STM32F4xx_HAL_Driver/Src/stm32f4xx_hal.o
 .debug_aranges
                0x00000430       0xe8 ./Drivers/STM32F4xx_HAL_Driver/Src/stm32f4xx_hal_adc.o
 .debug_aranges
                0x00000518      0x130 ./Drivers/STM32F4xx_HAL_Driver/Src/stm32f4xx_hal_cortex.o
 .debug_aranges
                0x00000648       0x90 ./Drivers/STM32F4xx_HAL_Driver/Src/stm32f4xx_hal_dma.o
 .debug_aranges
                0x000006d8       0x58 ./Drivers/STM32F4xx_HAL_Driver/Src/stm32f4xx_hal_gpio.o
 .debug_aranges
                0x00000730      0x108 ./Drivers/STM32F4xx_HAL_Driver/Src/stm32f4xx_hal_i2s.o
 .debug_aranges
                0x00000838       0x88 ./Drivers/STM32F4xx_HAL_Driver/Src/stm32f4xx_hal_i2s_ex.o
 .debug_aranges
                0x000008c0       0x88 ./Drivers/STM32F4xx_HAL_Driver/Src/stm32f4xx_hal_rcc.o
 .debug_aranges
                0x00000948       0x48 ./Drivers/STM32F4xx_HAL_Driver/Src/stm32f4xx_hal_rcc_ex.o
 .debug_aranges
                0x00000990      0x1d0 ./Drivers/STM32F4xx_HAL_Driver/Src/stm32f4xx_hal_spi.o
 .debug_aranges
                0x00000b60      0x3d0 ./Drivers/STM32F4xx_HAL_Driver/Src/stm32f4xx_hal_tim.o
 .debug_aranges
                0x00000f30      0x168 ./Drivers/STM32F4xx_HAL_Driver/Src/stm32f4xx_hal_tim_ex.o
 .debug_aranges
                0x00001098      0x208 ./Drivers/STM32F4xx_HAL_Driver/Src/stm32f4xx_hal_uart.o
 .debug_aranges
                0x000012a0       0x28 ./FATFS/App/fatfs.o
 .debug_aranges
                0x000012c8       0x40 ./FATFS/Target/user_diskio.o
 .debug_aranges
                0x00001308       0x48 ./Middlewares/Third_Party/FatFs/src/diskio.o
 .debug_aranges
                0x00001350      0x208 ./Middlewares/Third_Party/FatFs/src/ff.o
 .debug_aranges
                0x00001558       0x40 ./Middlewares/Third_Party/FatFs/src/ff_gen_drv.o

.debug_rnglists
                0x00000000     0x10cc
 .debug_rnglists
                0x00000000       0x80 ./Core/Src/fatfs_sd.o
 .debug_rnglists
                0x00000080       0x6d ./Core/Src/main.o
 .debug_rnglists
                0x000000ed       0x5a ./Core/Src/stm32f4xx_hal_msp.o
 .debug_rnglists
                0x00000147       0x4f ./Core/Src/stm32f4xx_it.o
 .debug_rnglists
                0x00000196       0x7f ./Core/Src/syscalls.o
 .debug_rnglists
                0x00000215       0x13 ./Core/Src/sysmem.o
 .debug_rnglists
                0x00000228       0x1a ./Core/Src/system_stm32f4xx.o
 .debug_rnglists
                0x00000242       0x19 ./Core/Startup/startup_stm32f401retx.o
 .debug_rnglists
                0x0000025b       0xaf ./Drivers/STM32F4xx_HAL_Driver/Src/stm32f4xx_hal.o
 .debug_rnglists
                0x0000030a       0xb5 ./Drivers/STM32F4xx_HAL_Driver/Src/stm32f4xx_hal_adc.o
 .debug_rnglists
                0x000003bf       0xe0 ./Drivers/STM32F4xx_HAL_Driver/Src/stm32f4xx_hal_cortex.o
 .debug_rnglists
                0x0000049f       0x70 ./Drivers/STM32F4xx_HAL_Driver/Src/stm32f4xx_hal_dma.o
 .debug_rnglists
                0x0000050f       0x3f ./Drivers/STM32F4xx_HAL_Driver/Src/stm32f4xx_hal_gpio.o
 .debug_rnglists
                0x0000054e       0xcc ./Drivers/STM32F4xx_HAL_Driver/Src/stm32f4xx_hal_i2s.o
 .debug_rnglists
                0x0000061a       0x6a ./Drivers/STM32F4xx_HAL_Driver/Src/stm32f4xx_hal_i2s_ex.o
 .debug_rnglists
                0x00000684       0x66 ./Drivers/STM32F4xx_HAL_Driver/Src/stm32f4xx_hal_rcc.o
 .debug_rnglists
                0x000006ea       0x35 ./Drivers/STM32F4xx_HAL_Driver/Src/stm32f4xx_hal_rcc_ex.o
 .debug_rnglists
                0x0000071f      0x16f ./Drivers/STM32F4xx_HAL_Driver/Src/stm32f4xx_hal_spi.o
 .debug_rnglists
                0x0000088e      0x31a ./Drivers/STM32F4xx_HAL_Driver/Src/stm32f4xx_hal_tim.o
 .debug_rnglists
                0x00000ba8      0x125 ./Drivers/STM32F4xx_HAL_Driver/Src/stm32f4xx_hal_tim_ex.o
 .debug_rnglists
                0x00000ccd      0x1bc ./Drivers/STM32F4xx_HAL_Driver/Src/stm32f4xx_hal_uart.o
 .debug_rnglists
                0x00000e89       0x19 ./FATFS/App/fatfs.o
 .debug_rnglists
                0x00000ea2       0x2b ./FATFS/Target/user_diskio.o
 .debug_rnglists
                0x00000ecd       0x31 ./Middlewares/Third_Party/FatFs/src/diskio.o
 .debug_rnglists
                0x00000efe      0x1a2 ./Middlewares/Third_Party/FatFs/src/ff.o
 .debug_rnglists
                0x000010a0       0x2c ./Middlewares/Third_Party/FatFs/src/ff_gen_drv.o

.debug_macro    0x00000000    0x1b017
 .debug_macro   0x00000000      0x25e ./Core/Src/fatfs_sd.o
 .debug_macro   0x0000025e      0xab4 ./Core/Src/fatfs_sd.o
 .debug_macro   0x00000d12      0x2ad ./Core/Src/fatfs_sd.o
 .debug_macro   0x00000fbf       0x2e ./Core/Src/fatfs_sd.o
 .debug_macro   0x00000fed       0x28 ./Core/Src/fatfs_sd.o
 .debug_macro   0x00001015       0x22 ./Core/Src/fatfs_sd.o
 .debug_macro   0x00001037       0x8e ./Core/Src/fatfs_sd.o
 .debug_macro   0x000010c5       0x51 ./Core/Src/fatfs_sd.o
 .debug_macro   0x00001116      0x103 ./Core/Src/fatfs_sd.o
 .debug_macro   0x00001219       0x6a ./Core/Src/fatfs_sd.o
 .debug_macro   0x00001283      0x1df ./Core/Src/fatfs_sd.o
 .debug_macro   0x00001462       0x1c ./Core/Src/fatfs_sd.o
 .debug_macro   0x0000147e       0x22 ./Core/Src/fatfs_sd.o
 .debug_macro   0x000014a0       0xfb ./Core/Src/fatfs_sd.o
 .debug_macro   0x0000159b     0x1011 ./Core/Src/fatfs_sd.o
 .debug_macro   0x000025ac      0x11f ./Core/Src/fatfs_sd.o
 .debug_macro   0x000026cb     0xb86c ./Core/Src/fatfs_sd.o
 .debug_macro   0x0000df37       0x6d ./Core/Src/fatfs_sd.o
 .debug_macro   0x0000dfa4     0x369a ./Core/Src/fatfs_sd.o
 .debug_macro   0x0001163e      0x189 ./Core/Src/fatfs_sd.o
 .debug_macro   0x000117c7       0x5c ./Core/Src/fatfs_sd.o
 .debug_macro   0x00011823      0x416 ./Core/Src/fatfs_sd.o
 .debug_macro   0x00011c39      0x9e9 ./Core/Src/fatfs_sd.o
 .debug_macro   0x00012622      0x115 ./Core/Src/fatfs_sd.o
 .debug_macro   0x00012737       0xf8 ./Core/Src/fatfs_sd.o
 .debug_macro   0x0001282f       0xa5 ./Core/Src/fatfs_sd.o
 .debug_macro   0x000128d4      0x15f ./Core/Src/fatfs_sd.o
 .debug_macro   0x00012a33      0x287 ./Core/Src/fatfs_sd.o
 .debug_macro   0x00012cba       0x5f ./Core/Src/fatfs_sd.o
 .debug_macro   0x00012d19      0x236 ./Core/Src/fatfs_sd.o
 .debug_macro   0x00012f4f      0x9e1 ./Core/Src/fatfs_sd.o
 .debug_macro   0x00013930      0x38b ./Core/Src/fatfs_sd.o
 .debug_macro   0x00013cbb      0x176 ./Core/Src/fatfs_sd.o
 .debug_macro   0x00013e31       0xf9 ./Core/Src/fatfs_sd.o
 .debug_macro   0x00013f2a      0x132 ./Core/Src/fatfs_sd.o
 .debug_macro   0x0001405c      0x264 ./Core/Src/fatfs_sd.o
 .debug_macro   0x000142c0       0x2e ./Core/Src/fatfs_sd.o
 .debug_macro   0x000142ee      0x1a7 ./Core/Src/fatfs_sd.o
 .debug_macro   0x00014495       0x46 ./Core/Src/fatfs_sd.o
 .debug_macro   0x000144db       0x4a ./Core/Src/fatfs_sd.o
 .debug_macro   0x00014525      0x127 ./Core/Src/fatfs_sd.o
 .debug_macro   0x0001464c       0x85 ./Core/Src/fatfs_sd.o
 .debug_macro   0x000146d1       0x89 ./Core/Src/fatfs_sd.o
 .debug_macro   0x0001475a      0x225 ./Core/Src/fatfs_sd.o
 .debug_macro   0x0001497f      0x8ed ./Core/Src/fatfs_sd.o
 .debug_macro   0x0001526c       0x47 ./Core/Src/fatfs_sd.o
 .debug_macro   0x000152b3      0x2aa ./Core/Src/fatfs_sd.o
 .debug_macro   0x0001555d      0x126 ./Core/Src/fatfs_sd.o
 .debug_macro   0x00015683       0x16 ./Core/Src/fatfs_sd.o
 .debug_macro   0x00015699       0x7c ./Core/Src/fatfs_sd.o
 .debug_macro   0x00015715       0x88 ./Core/Src/fatfs_sd.o
 .debug_macro   0x0001579d      0x3be ./Core/Src/main.o
 .debug_macro   0x00015b5b       0x64 ./Core/Src/main.o
 .debug_macro   0x00015bbf       0xeb ./Core/Src/main.o
 .debug_macro   0x00015caa       0x2a ./Core/Src/main.o
 .debug_macro   0x00015cd4       0x61 ./Core/Src/main.o
 .debug_macro   0x00015d35       0x43 ./Core/Src/main.o
 .debug_macro   0x00015d78       0x34 ./Core/Src/main.o
 .debug_macro   0x00015dac       0x16 ./Core/Src/main.o
 .debug_macro   0x00015dc2       0x35 ./Core/Src/main.o
 .debug_macro   0x00015df7       0x16 ./Core/Src/main.o
 .debug_macro   0x00015e0d       0x43 ./Core/Src/main.o
 .debug_macro   0x00015e50       0x34 ./Core/Src/main.o
 .debug_macro   0x00015e84       0x10 ./Core/Src/main.o
 .debug_macro   0x00015e94       0x58 ./Core/Src/main.o
 .debug_macro   0x00015eec       0x8e ./Core/Src/main.o
 .debug_macro   0x00015f7a       0x1c ./Core/Src/main.o
 .debug_macro   0x00015f96      0x177 ./Core/Src/main.o
 .debug_macro   0x0001610d      0x369 ./Core/Src/main.o
 .debug_macro   0x00016476       0x16 ./Core/Src/main.o
 .debug_macro   0x0001648c       0x29 ./Core/Src/main.o
 .debug_macro   0x000164b5       0x12 ./Core/Src/main.o
 .debug_macro   0x000164c7       0xe2 ./Core/Src/main.o
 .debug_macro   0x000165a9       0x8e ./Core/Src/main.o
 .debug_macro   0x00016637       0x1c ./Core/Src/main.o
 .debug_macro   0x00016653       0x10 ./Core/Src/main.o
 .debug_macro   0x00016663       0x1c ./Core/Src/main.o
 .debug_macro   0x0001667f       0x16 ./Core/Src/main.o
 .debug_macro   0x00016695      0x146 ./Core/Src/main.o
 .debug_macro   0x000167db       0x16 ./Core/Src/main.o
 .debug_macro   0x000167f1       0x20 ./Core/Src/main.o
 .debug_macro   0x00016811      0x228 ./Core/Src/stm32f4xx_hal_msp.o
 .debug_macro   0x00016a39      0x232 ./Core/Src/stm32f4xx_it.o
 .debug_macro   0x00016c6b      0x289 ./Core/Src/syscalls.o
 .debug_macro   0x00016ef4       0x5b ./Core/Src/syscalls.o
 .debug_macro   0x00016f4f       0x94 ./Core/Src/syscalls.o
 .debug_macro   0x00016fe3       0x57 ./Core/Src/syscalls.o
 .debug_macro   0x0001703a       0x10 ./Core/Src/syscalls.o
 .debug_macro   0x0001704a       0x10 ./Core/Src/syscalls.o
 .debug_macro   0x0001705a       0x10 ./Core/Src/syscalls.o
 .debug_macro   0x0001706a       0x10 ./Core/Src/syscalls.o
 .debug_macro   0x0001707a       0x1c ./Core/Src/syscalls.o
 .debug_macro   0x00017096       0x52 ./Core/Src/syscalls.o
 .debug_macro   0x000170e8       0x22 ./Core/Src/syscalls.o
 .debug_macro   0x0001710a       0x10 ./Core/Src/syscalls.o
 .debug_macro   0x0001711a       0x52 ./Core/Src/syscalls.o
 .debug_macro   0x0001716c       0xcf ./Core/Src/syscalls.o
 .debug_macro   0x0001723b       0x1c ./Core/Src/syscalls.o
 .debug_macro   0x00017257       0x3d ./Core/Src/syscalls.o
 .debug_macro   0x00017294       0x35 ./Core/Src/syscalls.o
 .debug_macro   0x000172c9      0x12c ./Core/Src/syscalls.o
 .debug_macro   0x000173f5       0x10 ./Core/Src/syscalls.o
 .debug_macro   0x00017405      0x242 ./Core/Src/syscalls.o
 .debug_macro   0x00017647       0x10 ./Core/Src/syscalls.o
 .debug_macro   0x00017657      0x18a ./Core/Src/syscalls.o
 .debug_macro   0x000177e1       0x16 ./Core/Src/syscalls.o
 .debug_macro   0x000177f7       0xce ./Core/Src/syscalls.o
 .debug_macro   0x000178c5       0xff ./Core/Src/sysmem.o
 .debug_macro   0x000179c4      0x23c ./Core/Src/sysmem.o
 .debug_macro   0x00017c00      0x219 ./Core/Src/system_stm32f4xx.o
 .debug_macro   0x00017e19      0x279 ./Drivers/STM32F4xx_HAL_Driver/Src/stm32f4xx_hal.o
 .debug_macro   0x00018092      0x21a ./Drivers/STM32F4xx_HAL_Driver/Src/stm32f4xx_hal_adc.o
 .debug_macro   0x000182ac      0x219 ./Drivers/STM32F4xx_HAL_Driver/Src/stm32f4xx_hal_cortex.o
 .debug_macro   0x000184c5      0x21f ./Drivers/STM32F4xx_HAL_Driver/Src/stm32f4xx_hal_dma.o
 .debug_macro   0x000186e4      0x21f ./Drivers/STM32F4xx_HAL_Driver/Src/stm32f4xx_hal_gpio.o
 .debug_macro   0x00018903      0x221 ./Drivers/STM32F4xx_HAL_Driver/Src/stm32f4xx_hal_i2s.o
 .debug_macro   0x00018b24      0x219 ./Drivers/STM32F4xx_HAL_Driver/Src/stm32f4xx_hal_i2s_ex.o
 .debug_macro   0x00018d3d      0x23d ./Drivers/STM32F4xx_HAL_Driver/Src/stm32f4xx_hal_rcc.o
 .debug_macro   0x00018f7a      0x219 ./Drivers/STM32F4xx_HAL_Driver/Src/stm32f4xx_hal_rcc_ex.o
 .debug_macro   0x00019193      0x228 ./Drivers/STM32F4xx_HAL_Driver/Src/stm32f4xx_hal_spi.o
 .debug_macro   0x000193bb      0x21a ./Drivers/STM32F4xx_HAL_Driver/Src/stm32f4xx_hal_tim.o
 .debug_macro   0x000195d5      0x219 ./Drivers/STM32F4xx_HAL_Driver/Src/stm32f4xx_hal_tim_ex.o
 .debug_macro   0x000197ee      0x21a ./Drivers/STM32F4xx_HAL_Driver/Src/stm32f4xx_hal_uart.o
 .debug_macro   0x00019a08      0x34d ./FATFS/App/fatfs.o
 .debug_macro   0x00019d55       0xe5 ./FATFS/App/fatfs.o
 .debug_macro   0x00019e3a      0x36a ./FATFS/Target/user_diskio.o
 .debug_macro   0x0001a1a4       0x10 ./FATFS/Target/user_diskio.o
 .debug_macro   0x0001a1b4       0x56 ./FATFS/Target/user_diskio.o
 .debug_macro   0x0001a20a      0x33a ./Middlewares/Third_Party/FatFs/src/diskio.o
 .debug_macro   0x0001a544      0x741 ./Middlewares/Third_Party/FatFs/src/ff.o
 .debug_macro   0x0001ac85       0x58 ./Middlewares/Third_Party/FatFs/src/ff.o
 .debug_macro   0x0001acdd      0x33a ./Middlewares/Third_Party/FatFs/src/ff_gen_drv.o

.debug_line     0x00000000    0x1b094
 .debug_line    0x00000000      0xd97 ./Core/Src/fatfs_sd.o
 .debug_line    0x00000d97      0xd47 ./Core/Src/main.o
 .debug_line    0x00001ade      0x92a ./Core/Src/stm32f4xx_hal_msp.o
 .debug_line    0x00002408      0x808 ./Core/Src/stm32f4xx_it.o
 .debug_line    0x00002c10      0x7f4 ./Core/Src/syscalls.o
 .debug_line    0x00003404      0x486 ./Core/Src/sysmem.o
 .debug_line    0x0000388a      0x77f ./Core/Src/system_stm32f4xx.o
 .debug_line    0x00004009       0x7a ./Core/Startup/startup_stm32f401retx.o
 .debug_line    0x00004083      0x9e8 ./Drivers/STM32F4xx_HAL_Driver/Src/stm32f4xx_hal.o
 .debug_line    0x00004a6b     0x11a4 ./Drivers/STM32F4xx_HAL_Driver/Src/stm32f4xx_hal_adc.o
 .debug_line    0x00005c0f      0xcda ./Drivers/STM32F4xx_HAL_Driver/Src/stm32f4xx_hal_cortex.o
 .debug_line    0x000068e9      0xf58 ./Drivers/STM32F4xx_HAL_Driver/Src/stm32f4xx_hal_dma.o
 .debug_line    0x00007841      0xb38 ./Drivers/STM32F4xx_HAL_Driver/Src/stm32f4xx_hal_gpio.o
 .debug_line    0x00008379     0x13dc ./Drivers/STM32F4xx_HAL_Driver/Src/stm32f4xx_hal_i2s.o
 .debug_line    0x00009755     0x1411 ./Drivers/STM32F4xx_HAL_Driver/Src/stm32f4xx_hal_i2s_ex.o
 .debug_line    0x0000ab66      0xd73 ./Drivers/STM32F4xx_HAL_Driver/Src/stm32f4xx_hal_rcc.o
 .debug_line    0x0000b8d9      0xa16 ./Drivers/STM32F4xx_HAL_Driver/Src/stm32f4xx_hal_rcc_ex.o
 .debug_line    0x0000c2ef     0x1d06 ./Drivers/STM32F4xx_HAL_Driver/Src/stm32f4xx_hal_spi.o
 .debug_line    0x0000dff5     0x3566 ./Drivers/STM32F4xx_HAL_Driver/Src/stm32f4xx_hal_tim.o